Component: ARM Compiler 5.06 update 1 (build 61) Tool: armlink [4d35a8]

==============================================================================

Section Cross References

    startup_stm32f103xe.o(STACK) refers (Special) to heapauxi.o(.text) for __use_two_region_memory
    startup_stm32f103xe.o(HEAP) refers (Special) to heapauxi.o(.text) for __use_two_region_memory
    startup_stm32f103xe.o(RESET) refers (Special) to heapauxi.o(.text) for __use_two_region_memory
    startup_stm32f103xe.o(RESET) refers to startup_stm32f103xe.o(STACK) for __initial_sp
    startup_stm32f103xe.o(RESET) refers to startup_stm32f103xe.o(.text) for Reset_Handler
    startup_stm32f103xe.o(RESET) refers to stm32f1xx_it.o(i.NMI_Handler) for NMI_Handler
    startup_stm32f103xe.o(RESET) refers to stm32f1xx_it.o(i.HardFault_Handler) for HardFault_Handler
    startup_stm32f103xe.o(RESET) refers to stm32f1xx_it.o(i.MemManage_Handler) for MemManage_Handler
    startup_stm32f103xe.o(RESET) refers to stm32f1xx_it.o(i.BusFault_Handler) for BusFault_Handler
    startup_stm32f103xe.o(RESET) refers to stm32f1xx_it.o(i.UsageFault_Handler) for UsageFault_Handler
    startup_stm32f103xe.o(RESET) refers to stm32f1xx_it.o(i.SVC_Handler) for SVC_Handler
    startup_stm32f103xe.o(RESET) refers to stm32f1xx_it.o(i.DebugMon_Handler) for DebugMon_Handler
    startup_stm32f103xe.o(RESET) refers to stm32f1xx_it.o(i.PendSV_Handler) for PendSV_Handler
    startup_stm32f103xe.o(RESET) refers to stm32f1xx_it.o(i.SysTick_Handler) for SysTick_Handler
    startup_stm32f103xe.o(RESET) refers to stm32f1xx_it.o(i.USART1_IRQHandler) for USART1_IRQHandler
    startup_stm32f103xe.o(RESET) refers to stm32f1xx_it.o(i.TIM6_IRQHandler) for TIM6_IRQHandler
    startup_stm32f103xe.o(.text) refers (Special) to heapauxi.o(.text) for __use_two_region_memory
    startup_stm32f103xe.o(.text) refers to system_stm32f1xx.o(i.SystemInit) for SystemInit
    startup_stm32f103xe.o(.text) refers to __main.o(!!!main) for __main
    startup_stm32f103xe.o(.text) refers to startup_stm32f103xe.o(HEAP) for Heap_Mem
    startup_stm32f103xe.o(.text) refers to startup_stm32f103xe.o(STACK) for Stack_Mem
    encoder.o(i.ALL_Encoder) refers to encoder.o(i.GetTim1Encoder) for GetTim1Encoder
    encoder.o(i.ALL_Encoder) refers to encoder.o(i.GetTim4Encoder) for GetTim4Encoder
    encoder.o(i.ALL_Encoder) refers to encoder.o(i.GetTim5Encoder) for GetTim5Encoder
    encoder.o(i.ALL_Encoder) refers to encoder.o(i.GetTim8Encoder) for GetTim8Encoder
    encoder.o(i.ALL_Encoder) refers to encoder.o(.data) for .data
    encoder.o(i.GetTim1Encoder) refers to tim.o(.bss) for htim1
    encoder.o(i.GetTim1Encoder) refers to encoder.o(.data) for .data
    encoder.o(i.GetTim4Encoder) refers to tim.o(.bss) for htim4
    encoder.o(i.GetTim4Encoder) refers to encoder.o(.data) for .data
    encoder.o(i.GetTim5Encoder) refers to tim.o(.bss) for htim5
    encoder.o(i.GetTim5Encoder) refers to encoder.o(.data) for .data
    encoder.o(i.GetTim8Encoder) refers to tim.o(.bss) for htim8
    encoder.o(i.GetTim8Encoder) refers to encoder.o(.data) for .data
    encoder.o(i.SetMotorVoltageAndDirection_SL) refers to stm32f1xx_hal_gpio.o(i.HAL_GPIO_WritePin) for HAL_GPIO_WritePin
    encoder.o(i.SetMotorVoltageAndDirection_SL) refers to tim.o(.bss) for htim3
    encoder.o(i.SetMotorVoltageAndDirection_SR) refers to stm32f1xx_hal_gpio.o(i.HAL_GPIO_WritePin) for HAL_GPIO_WritePin
    encoder.o(i.SetMotorVoltageAndDirection_SR) refers to tim.o(.bss) for htim3
    encoder.o(i.SetMotorVoltageAndDirection_XL) refers to stm32f1xx_hal_gpio.o(i.HAL_GPIO_WritePin) for HAL_GPIO_WritePin
    encoder.o(i.SetMotorVoltageAndDirection_XL) refers to tim.o(.bss) for htim3
    encoder.o(i.SetMotorVoltageAndDirection_XR) refers to stm32f1xx_hal_gpio.o(i.HAL_GPIO_WritePin) for HAL_GPIO_WritePin
    encoder.o(i.SetMotorVoltageAndDirection_XR) refers to tim.o(.bss) for htim3
    machinery.o(i.Machinery_all) refers to machinery.o(i.SpeedInnerControl_SL) for SpeedInnerControl_SL
    machinery.o(i.Machinery_all) refers to machinery.o(i.SpeedInnerControl_SR) for SpeedInnerControl_SR
    machinery.o(i.Machinery_all) refers to machinery.o(i.SpeedInnerControl_XL) for SpeedInnerControl_XL
    machinery.o(i.Machinery_all) refers to machinery.o(i.SpeedInnerControl_XR) for SpeedInnerControl_XR
    machinery.o(i.Machinery_all) refers to machinery.o(.data) for .data
    machinery.o(i.Machinery_all) refers to encoder.o(.data) for Tim5Encoder
    machinery.o(i.SpeedInnerControl_SL) refers to fflt_clz.o(x$fpl$fflt) for __aeabi_i2f
    machinery.o(i.SpeedInnerControl_SL) refers to fmul.o(x$fpl$fmul) for __aeabi_fmul
    machinery.o(i.SpeedInnerControl_SL) refers to faddsub_clz.o(x$fpl$fadd) for __aeabi_fadd
    machinery.o(i.SpeedInnerControl_SL) refers to ffix.o(x$fpl$ffix) for __aeabi_f2iz
    machinery.o(i.SpeedInnerControl_SL) refers to machinery.o(.data) for .data
    machinery.o(i.SpeedInnerControl_SR) refers to fflt_clz.o(x$fpl$fflt) for __aeabi_i2f
[...]
    ../Drivers/STM32F1xx_HAL_Driver/Src/stm32f1xx_hal_pwr.c 0x00000000   Number         0  stm32f1xx_hal_pwr.o ABSOLUTE
    ../Drivers/STM32F1xx_HAL_Driver/Src/stm32f1xx_hal_rcc.c 0x00000000   Number         0  stm32f1xx_hal_rcc.o ABSOLUTE
    ../Drivers/STM32F1xx_HAL_Driver/Src/stm32f1xx_hal_rcc_ex.c 0x00000000   Number         0  stm32f1xx_hal_rcc_ex.o ABSOLUTE
    ../Drivers/STM32F1xx_HAL_Driver/Src/stm32f1xx_hal_tim.c 0x00000000   Number         0  stm32f1xx_hal_tim.o ABSOLUTE
    ../Drivers/STM32F1xx_HAL_Driver/Src/stm32f1xx_hal_tim_ex.c 0x00000000   Number         0  stm32f1xx_hal_tim_ex.o ABSOLUTE
    ../Drivers/STM32F1xx_HAL_Driver/Src/stm32f1xx_hal_uart.c 0x00000000   Number         0  stm32f1xx_hal_uart.o ABSOLUTE
    ../Src/gpio.c                            0x00000000   Number         0  gpio.o ABSOLUTE
    ../Src/i2c.c                             0x00000000   Number         0  i2c.o ABSOLUTE
    ../Src/main.c                            0x00000000   Number         0  main.o ABSOLUTE
    ../Src/stm32f1xx_hal_msp.c               0x00000000   Number         0  stm32f1xx_hal_msp.o ABSOLUTE
    ../Src/stm32f1xx_it.c                    0x00000000   Number         0  stm32f1xx_it.o ABSOLUTE
    ../Src/system_stm32f1xx.c                0x00000000   Number         0  system_stm32f1xx.o ABSOLUTE
    ../Src/tim.c                             0x00000000   Number         0  tim.o ABSOLUTE
    ../Src/usart.c                           0x00000000   Number         0  usart.o ABSOLUTE
    ../clib/angel/boardlib.s                 0x00000000   Number         0  boardinit1.o ABSOLUTE
    ../clib/angel/boardlib.s                 0x00000000   Number         0  boardinit3.o ABSOLUTE
    ../clib/angel/boardlib.s                 0x00000000   Number         0  boardinit2.o ABSOLUTE
    ../clib/angel/boardlib.s                 0x00000000   Number         0  boardshut.o ABSOLUTE
    ../clib/angel/handlers.s                 0x00000000   Number         0  __scatter_zi.o ABSOLUTE
    ../clib/angel/handlers.s                 0x00000000   Number         0  __scatter_copy.o ABSOLUTE
    ../clib/angel/kernel.s                   0x00000000   Number         0  rtexit2.o ABSOLUTE
    ../clib/angel/kernel.s                   0x00000000   Number         0  __rtentry4.o ABSOLUTE
    ../clib/angel/kernel.s                   0x00000000   Number         0  __rtentry.o ABSOLUTE
    ../clib/angel/kernel.s                   0x00000000   Number         0  __rtentry2.o ABSOLUTE
    ../clib/angel/kernel.s                   0x00000000   Number         0  rtexit.o ABSOLUTE
    ../clib/angel/rt.s                       0x00000000   Number         0  rt_raise.o ABSOLUTE
    ../clib/angel/scatter.s                  0x00000000   Number         0  __scatter.o ABSOLUTE
    ../clib/angel/startup.s                  0x00000000   Number         0  __main.o ABSOLUTE
    ../clib/angel/sys.s                      0x00000000   Number         0  use_no_semi.o ABSOLUTE
    ../clib/angel/sys.s                      0x00000000   Number         0  indicate_semi.o ABSOLUTE
    ../clib/angel/sys.s                      0x00000000   Number         0  sys_stackheap_outer.o ABSOLUTE
    ../clib/angel/sys.s                      0x00000000   Number         0  libspace.o ABSOLUTE
    ../clib/angel/sysapp.c                   0x00000000   Number         0  sys_wrch.o ABSOLUTE
    ../clib/angel/sysapp.c                   0x00000000   Number         0  sys_command.o ABSOLUTE
    ../clib/angel/sysapp.c                   0x00000000   Number         0  sys_exit.o ABSOLUTE
    ../clib/armsys.c                         0x00000000   Number         0  _get_argv_nomalloc.o ABSOLUTE
    ../clib/armsys.c                         0x00000000   Number         0  no_argv.o ABSOLUTE
    ../clib/armsys.c                         0x00000000   Number         0  argv_veneer.o ABSOLUTE
    ../clib/armsys.c                         0x00000000   Number         0  argv_veneer.o ABSOLUTE
    ../clib/heapalloc.c                      0x00000000   Number         0  hrguard.o ABSOLUTE
    ../clib/heapaux.c                        0x00000000   Number         0  heapauxi.o ABSOLUTE
    ../clib/libinit.s                        0x00000000   Number         0  libinit.o ABSOLUTE
    ../clib/libinit.s                        0x00000000   Number         0  libshutdown2.o ABSOLUTE
    ../clib/libinit.s                        0x00000000   Number         0  libinit2.o ABSOLUTE
    ../clib/libinit.s                        0x00000000   Number         0  libshutdown.o ABSOLUTE
    ../clib/longlong.s                       0x00000000   Number         0  llushr.o ABSOLUTE
    ../clib/memcpset.s                       0x00000000   Number         0  rt_memclr_w.o ABSOLUTE
    ../clib/signal.c                         0x00000000   Number         0  defsig_abrt_inner.o ABSOLUTE
    ../clib/signal.c                         0x00000000   Number         0  defsig_cppl_inner.o ABSOLUTE
    ../clib/signal.c                         0x00000000   Number         0  defsig_pvfn_inner.o ABSOLUTE
    ../clib/signal.c                         0x00000000   Number         0  defsig_stak_inner.o ABSOLUTE
    ../clib/signal.c                         0x00000000   Number         0  defsig_rtred_inner.o ABSOLUTE
    ../clib/signal.c                         0x00000000   Number         0  defsig_rtmem_outer.o ABSOLUTE
    ../clib/signal.c                         0x00000000   Number         0  defsig_rtmem_formal.o ABSOLUTE
    ../clib/signal.c                         0x00000000   Number         0  defsig_fpe_inner.o ABSOLUTE
    ../clib/signal.c                         0x00000000   Number         0  defsig_exit.o ABSOLUTE
    ../clib/signal.c                         0x00000000   Number         0  defsig_rtmem_inner.o ABSOLUTE
    ../clib/signal.c                         0x00000000   Number         0  __raise.o ABSOLUTE
    ../clib/signal.c                         0x00000000   Number         0  defsig_general.o ABSOLUTE
    ../clib/signal.c                         0x00000000   Number         0  defsig_segv_inner.o ABSOLUTE
    ../clib/signal.c                         0x00000000   Number         0  defsig_other.o ABSOLUTE
    ../clib/signal.s                         0x00000000   Number         0  defsig.o ABSOLUTE
    ../clib/stdlib.c                         0x00000000   Number         0  exit.o ABSOLUTE
    ../fplib/faddsub.s                       0x00000000   Number         0  faddsub_clz.o ABSOLUTE
    ../fplib/ffix.s                          0x00000000   Number         0  ffix.o ABSOLUTE
    ../fplib/fflt.s                          0x00000000   Number         0  fflt_clz.o ABSOLUTE
    ../fplib/fmul.s                          0x00000000   Number         0  fmul.o ABSOLUTE
    ../fplib/fnaninf.s                       0x00000000   Number         0  fnaninf.o ABSOLUTE
    ../fplib/fpinit.s                        0x00000000   Number         0  fpinit.o ABSOLUTE
    ../fplib/fretinf.s                       0x00000000   Number         0  fretinf.o ABSOLUTE
    ../fplib/usenofp.s                       0x00000000   Number         0  usenofp.o ABSOLUTE
    ..\Drivers\STM32F1xx_HAL_Driver\Src\stm32f1xx_hal.c 0x00000000   Number         0  stm32f1xx_hal.o ABSOLUTE
    ..\Drivers\STM32F1xx_HAL_Driver\Src\stm32f1xx_hal_cortex.c 0x00000000   Number         0  stm32f1xx_hal_cortex.o ABSOLUTE
    ..\Drivers\STM32F1xx_HAL_Driver\Src\stm32f1xx_hal_dma.c 0x00000000   Number         0  stm32f1xx_hal_dma.o ABSOLUTE
    ..\Drivers\STM32F1xx_HAL_Driver\Src\stm32f1xx_hal_exti.c 0x00000000   Number         0  stm32f1xx_hal_exti.o ABSOLUTE
    ..\Drivers\STM32F1xx_HAL_Driver\Src\stm32f1xx_hal_flash.c 0x00000000   Number         0  stm32f1xx_hal_flash.o ABSOLUTE
    ..\Drivers\STM32F1xx_HAL_Driver\Src\stm32f1xx_hal_flash_ex.c 0x00000000   Number         0  stm32f1xx_hal_flash_ex.o ABSOLUTE
    ..\Drivers\STM32F1xx_HAL_Driver\Src\stm32f1xx_hal_gpio.c 0x00000000   Number         0  stm32f1xx_hal_gpio.o ABSOLUTE
    ..\Drivers\STM32F1xx_HAL_Driver\Src\stm32f1xx_hal_gpio_ex.c 0x00000000   Number         0  stm32f1xx_hal_gpio_ex.o ABSOLUTE
    ..\Drivers\STM32F1xx_HAL_Driver\Src\stm32f1xx_hal_i2c.c 0x00000000   Number         0  stm32f1xx_hal_i2c.o ABSOLUTE
    ..\Drivers\STM32F1xx_HAL_Driver\Src\stm32f1xx_hal_pwr.c 0x00000000   Number         0  stm32f1xx_hal_pwr.o ABSOLUTE
    ..\Drivers\STM32F1xx_HAL_Driver\Src\stm32f1xx_hal_rcc.c 0x00000000   Number         0  stm32f1xx_hal_rcc.o ABSOLUTE
    ..\Drivers\STM32F1xx_HAL_Driver\Src\stm32f1xx_hal_rcc_ex.c 0x00000000   Number         0  stm32f1xx_hal_rcc_ex.o ABSOLUTE
    ..\Drivers\STM32F1xx_HAL_Driver\Src\stm32f1xx_hal_tim.c 0x00000000   Number         0  stm32f1xx_hal_tim.o ABSOLUTE
    ..\Drivers\STM32F1xx_HAL_Driver\Src\stm32f1xx_hal_tim_ex.c 0x00000000   Number         0  stm32f1xx_hal_tim_ex.o ABSOLUTE
    ..\Drivers\STM32F1xx_HAL_Driver\Src\stm32f1xx_hal_uart.c 0x00000000   Number         0  stm32f1xx_hal_uart.o ABSOLUTE
    ..\Src\Machinery.c                       0x00000000   Number         0  machinery.o ABSOLUTE
    ..\Src\Tracing.c                         0x00000000   Number         0  tracing.o ABSOLUTE
    ..\Src\encoder.c                         0x00000000   Number         0  encoder.o ABSOLUTE
    ..\Src\gpio.c                            0x00000000   Number         0  gpio.o ABSOLUTE
    ..\Src\i2c.c                             0x00000000   Number         0  i2c.o ABSOLUTE
    ..\Src\main.c                            0x00000000   Number         0  main.o ABSOLUTE
    ..\Src\stm32f1xx_hal_msp.c               0x00000000   Number         0  stm32f1xx_hal_msp.o ABSOLUTE
    ..\Src\stm32f1xx_it.c                    0x00000000   Number         0  stm32f1xx_it.o ABSOLUTE
    ..\Src\system_stm32f1xx.c                0x00000000   Number         0  system_stm32f1xx.o ABSOLUTE
    ..\Src\tim.c                             0x00000000   Number         0  tim.o ABSOLUTE
    ..\Src\usart.c                           0x00000000   Number         0  usart.o ABSOLUTE
    ..\\Src\\Machinery.c                     0x00000000   Number         0  machinery.o ABSOLUTE
    ..\\Src\\Tracing.c                       0x00000000   Number         0  tracing.o ABSOLUTE
    ..\\Src\\encoder.c                       0x00000000   Number         0  encoder.o ABSOLUTE
    dc.s                                     0x00000000   Number         0  dc.o ABSOLUTE
    startup_stm32f103xe.s                    0x00000000   Number         0  startup_stm32f103xe.o ABSOLUTE
    RESET                                    0x08000000   Section      304  startup_stm32f103xe.o(RESET)
    !!!main                                  0x08000130   Section        8  __main.o(!!!main)
    !!!scatter                               0x08000138   Section       52  __scatter.o(!!!scatter)
    !!handler_copy                           0x0800016c   Section       26  __scatter_copy.o(!!handler_copy)
    !!handler_zi                             0x08000188   Section       28  __scatter_zi.o(!!handler_zi)
    .ARM.Collect$$libinit$$00000000          0x080001a4   Section        2  libinit.o(.ARM.Collect$$libinit$$00000000)
    .ARM.Collect$$libinit$$00000002          0x080001a6   Section        0  libinit2.o(.ARM.Collect$$libinit$$00000002)
    .ARM.Collect$$libinit$$00000004          0x080001a6   Section        0  libinit2.o(.ARM.Collect$$libinit$$00000004)
    .ARM.Collect$$libinit$$0000000A          0x080001a6   Section        0  libinit2.o(.ARM.Collect$$libinit$$0000000A)
    .ARM.Collect$$libinit$$0000000C          0x080001a6   Section        0  libinit2.o(.ARM.Collect$$libinit$$0000000C)
    .ARM.Collect$$libinit$$0000000E          0x080001a6   Section        0  libinit2.o(.ARM.Collect$$libinit$$0000000E)
    .ARM.Collect$$libinit$$00000011          0x080001a6   Section        0  libinit2.o(.ARM.Collect$$libinit$$00000011)
    .ARM.Collect$$libinit$$00000013          0x080001a6   Section        0  libinit2.o(.ARM.Collect$$libinit$$00000013)
    .ARM.Collect$$libinit$$00000015          0x080001a6   Section        0  libinit2.o(.ARM.Collect$$libinit$$00000015)
    .ARM.Collect$$libinit$$00000017          0x080001a6   Section        0  libinit2.o(.ARM.Collect$$libinit$$00000017)
    .ARM.Collect$$libinit$$00000019          0x080001a6   Section        0  libinit2.o(.ARM.Collect$$libinit$$00000019)
    .ARM.Collect$$libinit$$0000001B          0x080001a6   Section        0  libinit2.o(.ARM.Collect$$libinit$$0000001B)
    .ARM.Collect$$libinit$$0000001D          0x080001a6   Section        0  libinit2.o(.ARM.Collect$$libinit$$0000001D)
    .ARM.Collect$$libinit$$0000001F          0x080001a6   Section        0  libinit2.o(.ARM.Collect$$libinit$$0000001F)
    .ARM.Collect$$libinit$$00000021          0x080001a6   Section        0  libinit2.o(.ARM.Collect$$libinit$$00000021)
    .ARM.Collect$$libinit$$00000023          0x080001a6   Section        0  libinit2.o(.ARM.Collect$$libinit$$00000023)
    .ARM.Collect$$libinit$$00000025          0x080001a6   Section        0  libinit2.o(.ARM.Collect$$libinit$$00000025)
    .ARM.Collect$$libinit$$0000002C          0x080001a6   Section        0  libinit2.o(.ARM.Collect$$libinit$$0000002C)
    .ARM.Collect$$libinit$$0000002E          0x080001a6   Section        0  libinit2.o(.ARM.Collect$$libinit$$0000002E)
    .ARM.Collect$$libinit$$00000030          0x080001a6   Section        0  libinit2.o(.ARM.Collect$$libinit$$00000030)
    .ARM.Collect$$libinit$$00000032          0x080001a6   Section        0  libinit2.o(.ARM.Collect$$libinit$$00000032)
    .ARM.Collect$$libinit$$00000033          0x080001a6   Section        2  libinit2.o(.ARM.Collect$$libinit$$00000033)
    .ARM.Collect$$libshutdown$$00000000      0x080001a8   Section        2  libshutdown.o(.ARM.Collect$$libshutdown$$00000000)
    .ARM.Collect$$libshutdown$$00000002      0x080001aa   Section        0  libshutdown2.o(.ARM.Collect$$libshutdown$$00000002)
    .ARM.Collect$$libshutdown$$00000004      0x080001aa   Section        0  libshutdown2.o(.ARM.Collect$$libshutdown$$00000004)
    .ARM.Collect$$libshutdown$$00000007      0x080001aa   Section        0  libshutdown2.o(.ARM.Collect$$libshutdown$$00000007)
    .ARM.Collect$$libshutdown$$0000000A      0x080001aa   Section        0  libshutdown2.o(.ARM.Collect$$libshutdown$$0000000A)
    .ARM.Collect$$libshutdown$$0000000C      0x080001aa   Section        0  libshutdown2.o(.ARM.Collect$$libshutdown$$0000000C)
    .ARM.Collect$$libshutdown$$0000000F      0x080001aa   Section        0  libshutdown2.o(.ARM.Collect$$libshutdown$$0000000F)
    .ARM.Collect$$libshutdown$$00000010      0x080001aa   Section        2  libshutdown2.o(.ARM.Collect$$libshutdown$$00000010)
    .ARM.Collect$$rtentry$$00000000          0x080001ac   Section        0  __rtentry.o(.ARM.Collect$$rtentry$$00000000)
    .ARM.Collect$$rtentry$$00000002          0x080001ac   Section        0  __rtentry2.o(.ARM.Collect$$rtentry$$00000002)
    .ARM.Collect$$rtentry$$00000004          0x080001ac   Section        6  __rtentry4.o(.ARM.Collect$$rtentry$$00000004)
    .ARM.Collect$$rtentry$$00000009          0x080001b2   Section        0  __rtentry2.o(.ARM.Collect$$rtentry$$00000009)
    .ARM.Collect$$rtentry$$0000000A          0x080001b2   Section        4  __rtentry2.o(.ARM.Collect$$rtentry$$0000000A)
    .ARM.Collect$$rtentry$$0000000C          0x080001b6   Section        0  __rtentry2.o(.ARM.Collect$$rtentry$$0000000C)
    .ARM.Collect$$rtentry$$0000000D          0x080001b6   Section        8  __rtentry2.o(.ARM.Collect$$rtentry$$0000000D)
    .ARM.Collect$$rtexit$$00000000           0x080001be   Section        2  rtexit.o(.ARM.Collect$$rtexit$$00000000)
    .ARM.Collect$$rtexit$$00000002           0x080001c0   Section        0  rtexit2.o(.ARM.Collect$$rtexit$$00000002)
    .ARM.Collect$$rtexit$$00000003           0x080001c0   Section        4  rtexit2.o(.ARM.Collect$$rtexit$$00000003)
    .ARM.Collect$$rtexit$$00000004           0x080001c4   Section        6  rtexit2.o(.ARM.Collect$$rtexit$$00000004)
    .text                                    0x080001cc   Section       64  startup_stm32f103xe.o(.text)
    .text                                    0x0800020c   Section       78  rt_memclr_w.o(.text)
    .text                                    0x0800025a   Section        0  heapauxi.o(.text)
    .text                                    0x08000260   Section       74  sys_stackheap_outer.o(.text)
    .text                                    0x080002aa   Section        0  exit.o(.text)
    .text                                    0x080002bc   Section        8  libspace.o(.text)
    .text                                    0x080002c4   Section        0  sys_exit.o(.text)
    .text                                    0x080002d0   Section        2  use_no_semi.o(.text)
    .text                                    0x080002d2   Section        0  indicate_semi.o(.text)
    i.ALL_Encoder                            0x080002d4   Section        0  encoder.o(i.ALL_Encoder)
    i.BusFault_Handler                       0x080002f8   Section        0  stm32f1xx_it.o(i.BusFault_Handler)
    i.DebugMon_Handler                       0x080002fa   Section        0  stm32f1xx_it.o(i.DebugMon_Handler)
    i.Error_Handler                          0x080002fc   Section        0  main.o(i.Error_Handler)
    i.GetTim1Encoder                         0x08000300   Section        0  encoder.o(i.GetTim1Encoder)
    i.GetTim4Encoder                         0x0800031c   Section        0  encoder.o(i.GetTim4Encoder)
    i.GetTim5Encoder                         0x08000338   Section        0  encoder.o(i.GetTim5Encoder)
    i.GetTim8Encoder                         0x08000354   Section        0  encoder.o(i.GetTim8Encoder)
    i.HAL_DMA_Abort                          0x08000370   Section        0  stm32f1xx_hal_dma.o(i.HAL_DMA_Abort)
    i.HAL_DMA_Abort_IT                       0x080003b8   Section        0  stm32f1xx_hal_dma.o(i.HAL_DMA_Abort_IT)
    i.HAL_GPIO_Init                          0x080004e8   Section        0  stm32f1xx_hal_gpio.o(i.HAL_GPIO_Init)
    i.HAL_GPIO_ReadPin                       0x080006d8   Section        0  stm32f1xx_hal_gpio.o(i.HAL_GPIO_ReadPin)
    i.HAL_GPIO_WritePin                      0x080006e2   Section        0  stm32f1xx_hal_gpio.o(i.HAL_GPIO_WritePin)
    i.HAL_GetTick                            0x080006ec   Section        0  stm32f1xx_hal.o(i.HAL_GetTick)
    i.HAL_I2C_Init                           0x080006f8   Section        0  stm32f1xx_hal_i2c.o(i.HAL_I2C_Init)
    i.HAL_I2C_MspInit                        0x08000880   Section        0  i2c.o(i.HAL_I2C_MspInit)
    i.HAL_IncTick                            0x080008dc   Section        0  stm32f1xx_hal.o(i.HAL_IncTick)
    i.HAL_Init                               0x080008ec   Section        0  stm32f1xx_hal.o(i.HAL_Init)
    i.HAL_InitTick                           0x08000910   Section        0  stm32f1xx_hal.o(i.HAL_InitTick)
    i.HAL_MspInit                            0x08000950   Section        0  stm32f1xx_hal_msp.o(i.HAL_MspInit)
    i.HAL_NVIC_EnableIRQ                     0x0800098c   Section        0  stm32f1xx_hal_cortex.o(i.HAL_NVIC_EnableIRQ)
    i.HAL_NVIC_SetPriority                   0x080009a8   Section        0  stm32f1xx_hal_cortex.o(i.HAL_NVIC_SetPriority)
    i.HAL_NVIC_SetPriorityGrouping           0x080009e8   Section        0  stm32f1xx_hal_cortex.o(i.HAL_NVIC_SetPriorityGrouping)
    i.HAL_RCC_ClockConfig                    0x08000a0c   Section        0  stm32f1xx_hal_rcc.o(i.HAL_RCC_ClockConfig)
    i.HAL_RCC_GetPCLK1Freq                   0x08000b44   Section        0  stm32f1xx_hal_rcc.o(i.HAL_RCC_GetPCLK1Freq)
    i.HAL_RCC_GetPCLK2Freq                   0x08000b64   Section        0  stm32f1xx_hal_rcc.o(i.HAL_RCC_GetPCLK2Freq)
    i.HAL_RCC_GetSysClockFreq                0x08000b84   Section        0  stm32f1xx_hal_rcc.o(i.HAL_RCC_GetSysClockFreq)
    i.HAL_RCC_OscConfig                      0x08000bf0   Section        0  stm32f1xx_hal_rcc.o(i.HAL_RCC_OscConfig)
    i.HAL_SYSTICK_Config                     0x08000f08   Section        0  stm32f1xx_hal_cortex.o(i.HAL_SYSTICK_Config)
    i.HAL_TIMEx_BreakCallback                0x08000f30   Section        0  stm32f1xx_hal_tim_ex.o(i.HAL_TIMEx_BreakCallback)
    i.HAL_TIMEx_CommutCallback               0x08000f32   Section        0  stm32f1xx_hal_tim_ex.o(i.HAL_TIMEx_CommutCallback)
    i.HAL_TIMEx_MasterConfigSynchronization  0x08000f34   Section        0  stm32f1xx_hal_tim_ex.o(i.HAL_TIMEx_MasterConfigSynchronization)
    i.HAL_TIM_Base_Init                      0x08000fb0   Section        0  stm32f1xx_hal_tim.o(i.HAL_TIM_Base_Init)
    i.HAL_TIM_Base_MspInit                   0x0800100c   Section        0  tim.o(i.HAL_TIM_Base_MspInit)
    i.HAL_TIM_Base_Start_IT                  0x08001048   Section        0  stm32f1xx_hal_tim.o(i.HAL_TIM_Base_Start_IT)
    i.HAL_TIM_Encoder_Init                   0x080010b4   Section        0  stm32f1xx_hal_tim.o(i.HAL_TIM_Encoder_Init)
    i.HAL_TIM_Encoder_MspInit                0x08001158   Section        0  tim.o(i.HAL_TIM_Encoder_MspInit)
    i.HAL_TIM_Encoder_Start                  0x08001280   Section        0  stm32f1xx_hal_tim.o(i.HAL_TIM_Encoder_Start)
    i.HAL_TIM_IC_CaptureCallback             0x08001312   Section        0  stm32f1xx_hal_tim.o(i.HAL_TIM_IC_CaptureCallback)
    i.HAL_TIM_IRQHandler                     0x08001314   Section        0  stm32f1xx_hal_tim.o(i.HAL_TIM_IRQHandler)
    i.HAL_TIM_MspPostInit                    0x0800147c   Section        0  tim.o(i.HAL_TIM_MspPostInit)
    i.HAL_TIM_OC_DelayElapsedCallback        0x0800152c   Section        0  stm32f1xx_hal_tim.o(i.HAL_TIM_OC_DelayElapsedCallback)
    i.HAL_TIM_PWM_ConfigChannel              0x0800152e   Section        0  stm32f1xx_hal_tim.o(i.HAL_TIM_PWM_ConfigChannel)
    i.HAL_TIM_PWM_Init                       0x080015f4   Section        0  stm32f1xx_hal_tim.o(i.HAL_TIM_PWM_Init)
    i.HAL_TIM_PWM_MspInit                    0x08001650   Section        0  tim.o(i.HAL_TIM_PWM_MspInit)
    i.HAL_TIM_PWM_PulseFinishedCallback      0x0800168c   Section        0  stm32f1xx_hal_tim.o(i.HAL_TIM_PWM_PulseFinishedCallback)
    i.HAL_TIM_PWM_Start                      0x08001690   Section        0  stm32f1xx_hal_tim.o(i.HAL_TIM_PWM_Start)
    i.HAL_TIM_PeriodElapsedCallback          0x0800174c   Section        0  stm32f1xx_hal_tim.o(i.HAL_TIM_PeriodElapsedCallback)
    i.HAL_TIM_TriggerCallback                0x0800174e   Section        0  stm32f1xx_hal_tim.o(i.HAL_TIM_TriggerCallback)
    i.HAL_UARTEx_RxEventCallback             0x08001750   Section        0  stm32f1xx_hal_uart.o(i.HAL_UARTEx_RxEventCallback)
    i.HAL_UART_ErrorCallback                 0x08001752   Section        0  stm32f1xx_hal_uart.o(i.HAL_UART_ErrorCallback)
    i.HAL_UART_IRQHandler                    0x08001754   Section        0  stm32f1xx_hal_uart.o(i.HAL_UART_IRQHandler)
    i.HAL_UART_Init                          0x08001960   Section        0  stm32f1xx_hal_uart.o(i.HAL_UART_Init)
    i.HAL_UART_MspInit                       0x080019c4   Section        0  usart.o(i.HAL_UART_MspInit)
    i.HAL_UART_Receive_IT                    0x08001af4   Section        0  stm32f1xx_hal_uart.o(i.HAL_UART_Receive_IT)
    i.HAL_UART_RxCpltCallback                0x08001b20   Section        0  main.o(i.HAL_UART_RxCpltCallback)
    i.HAL_UART_TxCpltCallback                0x08001b5c   Section        0  stm32f1xx_hal_uart.o(i.HAL_UART_TxCpltCallback)
    i.HardFault_Handler                      0x08001b5e   Section        0  stm32f1xx_it.o(i.HardFault_Handler)
    i.MX_GPIO_Init                           0x08001b60   Section        0  gpio.o(i.MX_GPIO_Init)
    i.MX_I2C1_Init                           0x08001c14   Section        0  i2c.o(i.MX_I2C1_Init)
    i.MX_TIM1_Init                           0x08001c54   Section        0  tim.o(i.MX_TIM1_Init)
    i.MX_TIM2_Init                           0x08001cc0   Section        0  tim.o(i.MX_TIM2_Init)
    i.MX_TIM3_Init                           0x08001d30   Section        0  tim.o(i.MX_TIM3_Init)
    i.MX_TIM4_Init                           0x08001dd0   Section        0  tim.o(i.MX_TIM4_Init)
    i.MX_TIM5_Init                           0x08001e3c   Section        0  tim.o(i.MX_TIM5_Init)
    i.MX_TIM6_Init                           0x08001ea8   Section        0  tim.o(i.MX_TIM6_Init)
    i.MX_TIM8_Init                           0x08001eec   Section        0  tim.o(i.MX_TIM8_Init)
    i.MX_USART1_UART_Init                    0x08001f58   Section        0  usart.o(i.MX_USART1_UART_Init)
    i.MX_USART2_UART_Init                    0x08001f90   Section        0  usart.o(i.MX_USART2_UART_Init)
    i.MX_USART3_UART_Init                    0x08001fc8   Section        0  usart.o(i.MX_USART3_UART_Init)
    i.Machinery_all                          0x08002000   Section        0  machinery.o(i.Machinery_all)
    i.MemManage_Handler                      0x0800204c   Section        0  stm32f1xx_it.o(i.MemManage_Handler)
    i.NMI_Handler                            0x0800204e   Section        0  stm32f1xx_it.o(i.NMI_Handler)
    i.PendSV_Handler                         0x08002050   Section        0  stm32f1xx_it.o(i.PendSV_Handler)
    i.SVC_Handler                            0x08002052   Section        0  stm32f1xx_it.o(i.SVC_Handler)
    i.SetMotorVoltageAndDirection_SL         0x08002054   Section        0  encoder.o(i.SetMotorVoltageAndDirection_SL)
    i.SetMotorVoltageAndDirection_SR         0x0800209c   Section        0  encoder.o(i.SetMotorVoltageAndDirection_SR)
    i.SetMotorVoltageAndDirection_XL         0x080020e4   Section        0  encoder.o(i.SetMotorVoltageAndDirection_XL)
    i.SetMotorVoltageAndDirection_XR         0x0800212c   Section        0  encoder.o(i.SetMotorVoltageAndDirection_XR)
    i.SpeedInnerControl_SL                   0x08002180   Section        0  machinery.o(i.SpeedInnerControl_SL)
    i.SpeedInnerControl_SR                   0x080021d4   Section        0  machinery.o(i.SpeedInnerControl_SR)
    i.SpeedInnerControl_XL                   0x08002240   Section        0  machinery.o(i.SpeedInnerControl_XL)
    i.SpeedInnerControl_XR                   0x080022b4   Section        0  machinery.o(i.SpeedInnerControl_XR)
    i.SysTick_Handler                        0x08002308   Section        0  stm32f1xx_it.o(i.SysTick_Handler)
    i.SystemClock_Config                     0x0800230c   Section        0  main.o(i.SystemClock_Config)
    i.SystemInit                             0x08002368   Section        0  system_stm32f1xx.o(i.SystemInit)
    i.TIM6_IRQHandler                        0x0800236c   Section        0  stm32f1xx_it.o(i.TIM6_IRQHandler)
    i.TIM_Base_SetConfig                     0x08002410   Section        0  stm32f1xx_hal_tim.o(i.TIM_Base_SetConfig)
    i.TIM_CCxChannelCmd                      0x0800249c   Section        0  stm32f1xx_hal_tim.o(i.TIM_CCxChannelCmd)
    i.TIM_OC1_SetConfig                      0x080024b8   Section        0  stm32f1xx_hal_tim.o(i.TIM_OC1_SetConfig)
    TIM_OC1_SetConfig                        0x080024b9   Thumb Code    88  stm32f1xx_hal_tim.o(i.TIM_OC1_SetConfig)
    i.TIM_OC2_SetConfig                      0x08002518   Section        0  stm32f1xx_hal_tim.o(i.TIM_OC2_SetConfig)
    i.TIM_OC3_SetConfig                      0x08002584   Section        0  stm32f1xx_hal_tim.o(i.TIM_OC3_SetConfig)
    TIM_OC3_SetConfig                        0x08002585   Thumb Code    96  stm32f1xx_hal_tim.o(i.TIM_OC3_SetConfig)
    i.TIM_OC4_SetConfig                      0x080025ec   Section        0  stm32f1xx_hal_tim.o(i.TIM_OC4_SetConfig)
    TIM_OC4_SetConfig                        0x080025ed   Thumb Code    70  stm32f1xx_hal_tim.o(i.TIM_OC4_SetConfig)
    i.Tracing                                0x0800263c   Section        0  tracing.o(i.Tracing)
    i.UART_DMAAbortOnError                   0x0800278c   Section        0  stm32f1xx_hal_uart.o(i.UART_DMAAbortOnError)
    UART_DMAAbortOnError                     0x0800278d   Thumb Code    16  stm32f1xx_hal_uart.o(i.UART_DMAAbortOnError)
    i.UART_EndRxTransfer                     0x0800279c   Section        0  stm32f1xx_hal_uart.o(i.UART_EndRxTransfer)
    UART_EndRxTransfer                       0x0800279d   Thumb Code    48  stm32f1xx_hal_uart.o(i.UART_EndRxTransfer)
    i.UART_Receive_IT                        0x080027cc   Section        0  stm32f1xx_hal_uart.o(i.UART_Receive_IT)
    UART_Receive_IT                          0x080027cd   Thumb Code   182  stm32f1xx_hal_uart.o(i.UART_Receive_IT)
    i.UART_SetConfig                         0x08002884   Section        0  stm32f1xx_hal_uart.o(i.UART_SetConfig)
    UART_SetConfig                           0x08002885   Thumb Code   178  stm32f1xx_hal_uart.o(i.UART_SetConfig)
    i.UART_Start_Receive_IT                  0x0800293c   Section        0  stm32f1xx_hal_uart.o(i.UART_Start_Receive_IT)
    i.USART1_IRQHandler                      0x08002974   Section        0  stm32f1xx_it.o(i.USART1_IRQHandler)
    i.UsageFault_Handler                     0x08002980   Section        0  stm32f1xx_it.o(i.UsageFault_Handler)
    i.__NVIC_SetPriority                     0x08002982   Section        0  stm32f1xx_hal_cortex.o(i.__NVIC_SetPriority)
    __NVIC_SetPriority                       0x08002983   Thumb Code    32  stm32f1xx_hal_cortex.o(i.__NVIC_SetPriority)
    i.main                                   0x080029a4   Section        0  main.o(i.main)
    i.nbplus                                 0x08002abc   Section        0  machinery.o(i.nbplus)
    x$fpl$fadd                               0x08002ae0   Section      196  faddsub_clz.o(x$fpl$fadd)
    _fadd1                                   0x08002aef   Thumb Code     0  faddsub_clz.o(x$fpl$fadd)
    x$fpl$ffix                               0x08002ba4   Section       54  ffix.o(x$fpl$ffix)
    x$fpl$fflt                               0x08002bdc   Section       48  fflt_clz.o(x$fpl$fflt)
    x$fpl$fmul                               0x08002c0c   Section      258  fmul.o(x$fpl$fmul)
    x$fpl$fnaninf                            0x08002d0e   Section      140  fnaninf.o(x$fpl$fnaninf)
    x$fpl$fretinf                            0x08002d9a   Section       10  fretinf.o(x$fpl$fretinf)
    x$fpl$fsub                               0x08002da4   Section      234  faddsub_clz.o(x$fpl$fsub)
    _fsub1                                   0x08002db3   Thumb Code     0  faddsub_clz.o(x$fpl$fsub)
    .constdata                               0x08002e8e   Section       16  system_stm32f1xx.o(.constdata)
    x$fpl$usenofp                            0x08002e8e   Section        0  usenofp.o(x$fpl$usenofp)
    .constdata                               0x08002e9e   Section        8  system_stm32f1xx.o(.constdata)
    .data                                    0x20000000   Section       32  encoder.o(.data)
    .data                                    0x20000020   Section      112  machinery.o(.data)
    .data                                    0x20000090   Section       12  main.o(.data)
    .data                                    0x2000009c   Section       16  stm32f1xx_it.o(.data)
    .data                                    0x200000ac   Section       12  stm32f1xx_hal.o(.data)
    .data                                    0x200000b8   Section        4  system_stm32f1xx.o(.data)
    .bss                                     0x200000bc   Section       24  machinery.o(.bss)
    .bss                                     0x200000d4   Section       84  i2c.o(.bss)
    .bss                                     0x20000128   Section      504  tim.o(.bss)
    .bss                                     0x20000320   Section      204  usart.o(.bss)
    .bss                                     0x200003ec   Section       96  libspace.o(.bss)
    HEAP                                     0x20000450   Section      512  startup_stm32f103xe.o(HEAP)
    Heap_Mem                                 0x20000450   Data         512  startup_stm32f103xe.o(HEAP)
    STACK                                    0x20000650   Section     1024  startup_stm32f103xe.o(STACK)
    Stack_Mem                                0x20000650   Data        1024  startup_stm32f103xe.o(STACK)
    __initial_sp                             0x20000a50   Data           0  startup_stm32f103xe.o(STACK)

    Global Symbols

    Symbol Name                              Value     Ov Type        Size  Object(Section)

    BuildAttributes$$THM_ISAv4$P$D$K$B$S$PE$A:L22UL41UL21$X:L11$S22US41US21$IEEE1$IW$USESV6$~STKCKD$USESV7$~SHL$OSPACE$ROPI$EBA8$UX$STANDARDLIB$REQ8$PRES8$EABIv2 0x00000000   Number         0  anon$$obj.o ABSOLUTE
    __ARM_use_no_argv                        0x00000000   Number         0  main.o ABSOLUTE
    __ARM_exceptions_init                     - Undefined Weak Reference
    __alloca_initialize                       - Undefined Weak Reference
    __arm_preinit_                            - Undefined Weak Reference
    __cpp_initialize__aeabi_                  - Undefined Weak Reference
    __cxa_finalize                            - Undefined Weak Reference
    __rt_locale                               - Undefined Weak Reference
    __sigvec_lookup                           - Undefined Weak Reference
    _atexit_init                              - Undefined Weak Reference
    _call_atexit_fns                          - Undefined Weak Reference
    _clock_init                               - Undefined Weak Reference
    _fp_trap_init                             - Undefined Weak Reference
    _fp_trap_shutdown                         - Undefined Weak Reference
    _get_lc_collate                           - Undefined Weak Reference
    _get_lc_ctype                             - Undefined Weak Reference
    _get_lc_monetary                          - Undefined Weak Reference
    _get_lc_numeric                           - Undefined Weak Reference
    _get_lc_time                              - Undefined Weak Reference
    _getenv_init                              - Undefined Weak Reference
    _handle_redirection                       - Undefined Weak Reference
    _init_alloc                               - Undefined Weak Reference
    _init_user_alloc                          - Undefined Weak Reference
    _initio                                   - Undefined Weak Reference
    _rand_init                                - Undefined Weak Reference
    _signal_finish                            - Undefined Weak Reference
    _signal_init                              - Undefined Weak Reference
    _terminate_alloc                          - Undefined Weak Reference
    _terminate_user_alloc                     - Undefined Weak Reference
    _terminateio                              - Undefined Weak Reference
    __Vectors_Size                           0x00000130   Number         0  startup_stm32f103xe.o ABSOLUTE
    __Vectors                                0x08000000   Data           4  startup_stm32f103xe.o(RESET)
    __Vectors_End                            0x08000130   Data           0  startup_stm32f103xe.o(RESET)
    __main                                   0x08000131   Thumb Code     8  __main.o(!!!main)
    __scatterload                            0x08000139   Thumb Code     0  __scatter.o(!!!scatter)
    __scatterload_rt2                        0x08000139   Thumb Code    44  __scatter.o(!!!scatter)
    __scatterload_rt2_thumb_only             0x08000139   Thumb Code     0  __scatter.o(!!!scatter)
    __scatterload_null                       0x08000147   Thumb Code     0  __scatter.o(!!!scatter)
    __scatterload_copy                       0x0800016d   Thumb Code    26  __scatter_copy.o(!!handler_copy)
    __scatterload_zeroinit                   0x08000189   Thumb Code    28  __scatter_zi.o(!!handler_zi)
    __rt_lib_init                            0x080001a5   Thumb Code     0  libinit.o(.ARM.Collect$$libinit$$00000000)
    __rt_lib_init_alloca_1                   0x080001a7   Thumb Code     0  libinit2.o(.ARM.Collect$$libinit$$0000002E)
    __rt_lib_init_argv_1                     0x080001a7   Thumb Code     0  libinit2.o(.ARM.Collect$$libinit$$0000002C)
    __rt_lib_init_atexit_1                   0x080001a7   Thumb Code     0  libinit2.o(.ARM.Collect$$libinit$$0000001B)
    __rt_lib_init_clock_1                    0x080001a7   Thumb Code     0  libinit2.o(.ARM.Collect$$libinit$$00000021)
    __rt_lib_init_cpp_1                      0x080001a7   Thumb Code     0  libinit2.o(.ARM.Collect$$libinit$$00000032)
    __rt_lib_init_exceptions_1               0x080001a7   Thumb Code     0  libinit2.o(.ARM.Collect$$libinit$$00000030)
    __rt_lib_init_fp_1                       0x080001a7   Thumb Code     0  libinit2.o(.ARM.Collect$$libinit$$00000002)
    __rt_lib_init_fp_trap_1                  0x080001a7   Thumb Code     0  libinit2.o(.ARM.Collect$$libinit$$0000001F)
    __rt_lib_init_getenv_1                   0x080001a7   Thumb Code     0  libinit2.o(.ARM.Collect$$libinit$$00000023)
    __rt_lib_init_heap_1                     0x080001a7   Thumb Code     0  libinit2.o(.ARM.Collect$$libinit$$0000000A)
    __rt_lib_init_lc_collate_1               0x080001a7   Thumb Code     0  libinit2.o(.ARM.Collect$$libinit$$00000011)
    __rt_lib_init_lc_ctype_1                 0x080001a7   Thumb Code     0  libinit2.o(.ARM.Collect$$libinit$$00000013)
    __rt_lib_init_lc_monetary_1              0x080001a7   Thumb Code     0  libinit2.o(.ARM.Collect$$libinit$$00000015)
    __rt_lib_init_lc_numeric_1               0x080001a7   Thumb Code     0  libinit2.o(.ARM.Collect$$libinit$$00000017)
    __rt_lib_init_lc_time_1                  0x080001a7   Thumb Code     0  libinit2.o(.ARM.Collect$$libinit$$00000019)
    __rt_lib_init_preinit_1                  0x080001a7   Thumb Code     0  libinit2.o(.ARM.Collect$$libinit$$00000004)
    __rt_lib_init_rand_1                     0x080001a7   Thumb Code     0  libinit2.o(.ARM.Collect$$libinit$$0000000E)
    __rt_lib_init_return                     0x080001a7   Thumb Code     0  libinit2.o(.ARM.Collect$$libinit$$00000033)
    __rt_lib_init_signal_1                   0x080001a7   Thumb Code     0  libinit2.o(.ARM.Collect$$libinit$$0000001D)
    __rt_lib_init_stdio_1                    0x080001a7   Thumb Code     0  libinit2.o(.ARM.Collect$$libinit$$00000025)
    __rt_lib_init_user_alloc_1               0x080001a7   Thumb Code     0  libinit2.o(.ARM.Collect$$libinit$$0000000C)
    __rt_lib_shutdown                        0x080001a9   Thumb Code     0  libshutdown.o(.ARM.Collect$$libshutdown$$00000000)
    __rt_lib_shutdown_cpp_1                  0x080001ab   Thumb Code     0  libshutdown2.o(.ARM.Collect$$libshutdown$$00000002)
    __rt_lib_shutdown_fp_trap_1              0x080001ab   Thumb Code     0  libshutdown2.o(.ARM.Collect$$libshutdown$$00000007)
    __rt_lib_shutdown_heap_1                 0x080001ab   Thumb Code     0  libshutdown2.o(.ARM.Collect$$libshutdown$$0000000F)
    __rt_lib_shutdown_return                 0x080001ab   Thumb Code     0  libshutdown2.o(.ARM.Collect$$libshutdown$$00000010)
    __rt_lib_shutdown_signal_1               0x080001ab   Thumb Code     0  libshutdown2.o(.ARM.Collect$$libshutdown$$0000000A)
    __rt_lib_shutdown_stdio_1                0x080001ab   Thumb Code     0  libshutdown2.o(.ARM.Collect$$libshutdown$$00000004)
    __rt_lib_shutdown_user_alloc_1           0x080001ab   Thumb Code     0  libshutdown2.o(.ARM.Collect$$libshutdown$$0000000C)
    __rt_entry                               0x080001ad   Thumb Code     0  __rtentry.o(.ARM.Collect$$rtentry$$00000000)
    __rt_entry_presh_1                       0x080001ad   Thumb Code     0  __rtentry2.o(.ARM.Collect$$rtentry$$00000002)
    __rt_entry_sh                            0x080001ad   Thumb Code     0  __rtentry4.o(.ARM.Collect$$rtentry$$00000004)
    __rt_entry_li                            0x080001b3   Thumb Code     0  __rtentry2.o(.ARM.Collect$$rtentry$$0000000A)
    __rt_entry_postsh_1                      0x080001b3   Thumb Code     0  __rtentry2.o(.ARM.Collect$$rtentry$$00000009)
    __rt_entry_main                          0x080001b7   Thumb Code     0  __rtentry2.o(.ARM.Collect$$rtentry$$0000000D)
    __rt_entry_postli_1                      0x080001b7   Thumb Code     0  __rtentry2.o(.ARM.Collect$$rtentry$$0000000C)
    __rt_exit                                0x080001bf   Thumb Code     0  rtexit.o(.ARM.Collect$$rtexit$$00000000)
    __rt_exit_ls                             0x080001c1   Thumb Code     0  rtexit2.o(.ARM.Collect$$rtexit$$00000003)
    __rt_exit_prels_1                        0x080001c1   Thumb Code     0  rtexit2.o(.ARM.Collect$$rtexit$$00000002)
    __rt_exit_exit                           0x080001c5   Thumb Code     0  rtexit2.o(.ARM.Collect$$rtexit$$00000004)
    Reset_Handler                            0x080001cd   Thumb Code     8  startup_stm32f103xe.o(.text)
    ADC1_2_IRQHandler                        0x080001e7   Thumb Code     0  startup_stm32f103xe.o(.text)
    ADC3_IRQHandler                          0x080001e7   Thumb Code     0  startup_stm32f103xe.o(.text)
    CAN1_RX1_IRQHandler                      0x080001e7   Thumb Code     0  startup_stm32f103xe.o(.text)
    CAN1_SCE_IRQHandler                      0x080001e7   Thumb Code     0  startup_stm32f103xe.o(.text)
    DMA1_Channel1_IRQHandler                 0x080001e7   Thumb Code     0  startup_stm32f103xe.o(.text)
    DMA1_Channel2_IRQHandler                 0x080001e7   Thumb Code     0  startup_stm32f103xe.o(.text)
    DMA1_Channel3_IRQHandler                 0x080001e7   Thumb Code     0  startup_stm32f103xe.o(.text)
    DMA1_Channel4_IRQHandler                 0x080001e7   Thumb Code     0  startup_stm32f103xe.o(.text)
    DMA1_Channel5_IRQHandler                 0x080001e7   Thumb Code     0  startup_stm32f103xe.o(.text)
    DMA1_Channel6_IRQHandler                 0x080001e7   Thumb Code     0  startup_stm32f103xe.o(.text)
    DMA1_Channel7_IRQHandler                 0x080001e7   Thumb Code     0  startup_stm32f103xe.o(.text)
    DMA2_Channel1_IRQHandler                 0x080001e7   Thumb Code     0  startup_stm32f103xe.o(.text)
    DMA2_Channel2_IRQHandler                 0x080001e7   Thumb Code     0  startup_stm32f103xe.o(.text)
    DMA2_Channel3_IRQHandler                 0x080001e7   Thumb Code     0  startup_stm32f103xe.o(.text)
    DMA2_Channel4_5_IRQHandler               0x080001e7   Thumb Code     0  startup_stm32f103xe.o(.text)
    EXTI0_IRQHandler                         0x080001e7   Thumb Code     0  startup_stm32f103xe.o(.text)
    EXTI15_10_IRQHandler                     0x080001e7   Thumb Code     0  startup_stm32f103xe.o(.text)
    EXTI1_IRQHandler                         0x080001e7   Thumb Code     0  startup_stm32f103xe.o(.text)
    EXTI2_IRQHandler                         0x080001e7   Thumb Code     0  startup_stm32f103xe.o(.text)
    EXTI3_IRQHandler                         0x080001e7   Thumb Code     0  startup_stm32f103xe.o(.text)
    EXTI4_IRQHandler                         0x080001e7   Thumb Code     0  startup_stm32f103xe.o(.text)
    EXTI9_5_IRQHandler                       0x080001e7   Thumb Code     0  startup_stm32f103xe.o(.text)
    FLASH_IRQHandler                         0x080001e7   Thumb Code     0  startup_stm32f103xe.o(.text)
    FSMC_IRQHandler                          0x080001e7   Thumb Code     0  startup_stm32f103xe.o(.text)
    I2C1_ER_IRQHandler                       0x080001e7   Thumb Code     0  startup_stm32f103xe.o(.text)
    I2C1_EV_IRQHandler                       0x080001e7   Thumb Code     0  startup_stm32f103xe.o(.text)
    I2C2_ER_IRQHandler                       0x080001e7   Thumb Code     0  startup_stm32f103xe.o(.text)
    I2C2_EV_IRQHandler                       0x080001e7   Thumb Code     0  startup_stm32f103xe.o(.text)
    PVD_IRQHandler                           0x080001e7   Thumb Code     0  startup_stm32f103xe.o(.text)
    RCC_IRQHandler                           0x080001e7   Thumb Code     0  startup_stm32f103xe.o(.text)
    RTC_Alarm_IRQHandler                     0x080001e7   Thumb Code     0  startup_stm32f103xe.o(.text)
    RTC_IRQHandler                           0x080001e7   Thumb Code     0  startup_stm32f103xe.o(.text)
    SDIO_IRQHandler                          0x080001e7   Thumb Code     0  startup_stm32f103xe.o(.text)
    SPI1_IRQHandler                          0x080001e7   Thumb Code     0  startup_stm32f103xe.o(.text)
    SPI2_IRQHandler                          0x080001e7   Thumb Code     0  startup_stm32f103xe.o(.text)
    SPI3_IRQHandler                          0x080001e7   Thumb Code     0  startup_stm32f103xe.o(.text)
    TAMPER_IRQHandler                        0x080001e7   Thumb Code     0  startup_stm32f103xe.o(.text)
    TIM1_BRK_IRQHandler                      0x080001e7   Thumb Code     0  startup_stm32f103xe.o(.text)
    TIM1_CC_IRQHandler                       0x080001e7   Thumb Code     0  startup_stm32f103xe.o(.text)
    TIM1_TRG_COM_IRQHandler                  0x080001e7   Thumb Code     0  startup_stm32f103xe.o(.text)
    TIM1_UP_IRQHandler                       0x080001e7   Thumb Code     0  startup_stm32f103xe.o(.text)
    TIM2_IRQHandler                          0x080001e7   Thumb Code     0  startup_stm32f103xe.o(.text)
    TIM3_IRQHandler                          0x080001e7   Thumb Code     0  startup_stm32f103xe.o(.text)
    TIM4_IRQHandler                          0x080001e7   Thumb Code     0  startup_stm32f103xe.o(.text)
    TIM5_IRQHandler                          0x080001e7   Thumb Code     0  startup_stm32f103xe.o(.text)
    TIM7_IRQHandler                          0x080001e7   Thumb Code     0  startup_stm32f103xe.o(.text)
    TIM8_BRK_IRQHandler                      0x080001e7   Thumb Code     0  startup_stm32f103xe.o(.text)
    TIM8_CC_IRQHandler                       0x080001e7   Thumb Code     0  startup_stm32f103xe.o(.text)
    TIM8_TRG_COM_IRQHandler                  0x080001e7   Thumb Code     0  startup_stm32f103xe.o(.text)
    TIM8_UP_IRQHandler                       0x080001e7   Thumb Code     0  startup_stm32f103xe.o(.text)
    UART4_IRQHandler                         0x080001e7   Thumb Code     0  startup_stm32f103xe.o(.text)
    UART5_IRQHandler                         0x080001e7   Thumb Code     0  startup_stm32f103xe.o(.text)
    USART2_IRQHandler                        0x080001e7   Thumb Code     0  startup_stm32f103xe.o(.text)
    USART3_IRQHandler                        0x080001e7   Thumb Code     0  startup_stm32f103xe.o(.text)
    USBWakeUp_IRQHandler                     0x080001e7   Thumb Code     0  startup_stm32f103xe.o(.text)
    USB_HP_CAN1_TX_IRQHandler                0x080001e7   Thumb Code     0  startup_stm32f103xe.o(.text)
    USB_LP_CAN1_RX0_IRQHandler               0x080001e7   Thumb Code     0  startup_stm32f103xe.o(.text)
    WWDG_IRQHandler                          0x080001e7   Thumb Code     0  startup_stm32f103xe.o(.text)
    __user_initial_stackheap                 0x080001e9   Thumb Code     0  startup_stm32f103xe.o(.text)
    __aeabi_memclr4                          0x0800020d   Thumb Code     0  rt_memclr_w.o(.text)
    __aeabi_memclr8                          0x0800020d   Thumb Code     0  rt_memclr_w.o(.text)
    __rt_memclr_w                            0x0800020d   Thumb Code    78  rt_memclr_w.o(.text)
    _memset_w                                0x08000211   Thumb Code     0  rt_memclr_w.o(.text)
    __use_two_region_memory                  0x0800025b   Thumb Code     2  heapauxi.o(.text)
    __rt_heap_escrow$2region                 0x0800025d   Thumb Code     2  heapauxi.o(.text)
    __rt_heap_expand$2region                 0x0800025f   Thumb Code     2  heapauxi.o(.text)
    __user_setup_stackheap                   0x08000261   Thumb Code    74  sys_stackheap_outer.o(.text)
    exit                                     0x080002ab   Thumb Code    18  exit.o(.text)
    __user_libspace                          0x080002bd   Thumb Code     8  libspace.o(.text)
    __user_perproc_libspace                  0x080002bd   Thumb Code     0  libspace.o(.text)
    __user_perthread_libspace                0x080002bd   Thumb Code     0  libspace.o(.text)
    _sys_exit                                0x080002c5   Thumb Code     8  sys_exit.o(.text)
    __I$use$semihosting                      0x080002d1   Thumb Code     0  use_no_semi.o(.text)
    __use_no_semihosting_swi                 0x080002d1   Thumb Code     2  use_no_semi.o(.text)
    __semihosting_library_function           0x080002d3   Thumb Code     0  indicate_semi.o(.text)
    ALL_Encoder                              0x080002d5   Thumb Code    30  encoder.o(i.ALL_Encoder)
    BusFault_Handler                         0x080002f9   Thumb Code     2  stm32f1xx_it.o(i.BusFault_Handler)
    DebugMon_Handler                         0x080002fb   Thumb Code     2  stm32f1xx_it.o(i.DebugMon_Handler)
    Error_Handler                            0x080002fd   Thumb Code     4  main.o(i.Error_Handler)
    GetTim1Encoder                           0x08000301   Thumb Code    20  encoder.o(i.GetTim1Encoder)
    GetTim4Encoder                           0x0800031d   Thumb Code    18  encoder.o(i.GetTim4Encoder)
    GetTim5Encoder                           0x08000339   Thumb Code    18  encoder.o(i.GetTim5Encoder)
    GetTim8Encoder                           0x08000355   Thumb Code    20  encoder.o(i.GetTim8Encoder)
    HAL_DMA_Abort                            0x08000371   Thumb Code    70  stm32f1xx_hal_dma.o(i.HAL_DMA_Abort)
    HAL_DMA_Abort_IT                         0x080003b9   Thumb Code   296  stm32f1xx_hal_dma.o(i.HAL_DMA_Abort_IT)
    HAL_GPIO_Init                            0x080004e9   Thumb Code   454  stm32f1xx_hal_gpio.o(i.HAL_GPIO_Init)
    HAL_GPIO_ReadPin                         0x080006d9   Thumb Code    10  stm32f1xx_hal_gpio.o(i.HAL_GPIO_ReadPin)
    HAL_GPIO_WritePin                        0x080006e3   Thumb Code    10  stm32f1xx_hal_gpio.o(i.HAL_GPIO_WritePin)
    HAL_GetTick                              0x080006ed   Thumb Code     6  stm32f1xx_hal.o(i.HAL_GetTick)
    HAL_I2C_Init                             0x080006f9   Thumb Code   376  stm32f1xx_hal_i2c.o(i.HAL_I2C_Init)
    HAL_I2C_MspInit                          0x08000881   Thumb Code    80  i2c.o(i.HAL_I2C_MspInit)
    HAL_IncTick                              0x080008dd   Thumb Code    12  stm32f1xx_hal.o(i.HAL_IncTick)
    HAL_Init                                 0x080008ed   Thumb Code    32  stm32f1xx_hal.o(i.HAL_Init)
    HAL_InitTick                             0x08000911   Thumb Code    54  stm32f1xx_hal.o(i.HAL_InitTick)
    HAL_MspInit                              0x08000951   Thumb Code    52  stm32f1xx_hal_msp.o(i.HAL_MspInit)
    HAL_NVIC_EnableIRQ                       0x0800098d   Thumb Code    26  stm32f1xx_hal_cortex.o(i.HAL_NVIC_EnableIRQ)
    HAL_NVIC_SetPriority                     0x080009a9   Thumb Code    60  stm32f1xx_hal_cortex.o(i.HAL_NVIC_SetPriority)
    HAL_NVIC_SetPriorityGrouping             0x080009e9   Thumb Code    26  stm32f1xx_hal_cortex.o(i.HAL_NVIC_SetPriorityGrouping)
    HAL_RCC_ClockConfig                      0x08000a0d   Thumb Code   292  stm32f1xx_hal_rcc.o(i.HAL_RCC_ClockConfig)
    HAL_RCC_GetPCLK1Freq                     0x08000b45   Thumb Code    20  stm32f1xx_hal_rcc.o(i.HAL_RCC_GetPCLK1Freq)
    HAL_RCC_GetPCLK2Freq                     0x08000b65   Thumb Code    20  stm32f1xx_hal_rcc.o(i.HAL_RCC_GetPCLK2Freq)
    HAL_RCC_GetSysClockFreq                  0x08000b85   Thumb Code    74  stm32f1xx_hal_rcc.o(i.HAL_RCC_GetSysClockFreq)
    HAL_RCC_OscConfig                        0x08000bf1   Thumb Code   770  stm32f1xx_hal_rcc.o(i.HAL_RCC_OscConfig)
    HAL_SYSTICK_Config                       0x08000f09   Thumb Code    40  stm32f1xx_hal_cortex.o(i.HAL_SYSTICK_Config)
    HAL_TIMEx_BreakCallback                  0x08000f31   Thumb Code     2  stm32f1xx_hal_tim_ex.o(i.HAL_TIMEx_BreakCallback)
    HAL_TIMEx_CommutCallback                 0x08000f33   Thumb Code     2  stm32f1xx_hal_tim_ex.o(i.HAL_TIMEx_CommutCallback)
    HAL_TIMEx_MasterConfigSynchronization    0x08000f35   Thumb Code   104  stm32f1xx_hal_tim_ex.o(i.HAL_TIMEx_MasterConfigSynchronization)
    HAL_TIM_Base_Init                        0x08000fb1   Thumb Code    90  stm32f1xx_hal_tim.o(i.HAL_TIM_Base_Init)
    HAL_TIM_Base_MspInit                     0x0800100d   Thumb Code    50  tim.o(i.HAL_TIM_Base_MspInit)
    HAL_TIM_Base_Start_IT                    0x08001049   Thumb Code    88  stm32f1xx_hal_tim.o(i.HAL_TIM_Base_Start_IT)
    HAL_TIM_Encoder_Init                     0x080010b5   Thumb Code   164  stm32f1xx_hal_tim.o(i.HAL_TIM_Encoder_Init)
    HAL_TIM_Encoder_MspInit                  0x08001159   Thumb Code   256  tim.o(i.HAL_TIM_Encoder_MspInit)
    HAL_TIM_Encoder_Start                    0x08001281   Thumb Code   146  stm32f1xx_hal_tim.o(i.HAL_TIM_Encoder_Start)
    HAL_TIM_IC_CaptureCallback               0x08001313   Thumb Code     2  stm32f1xx_hal_tim.o(i.HAL_TIM_IC_CaptureCallback)
    HAL_TIM_IRQHandler                       0x08001315   Thumb Code   358  stm32f1xx_hal_tim.o(i.HAL_TIM_IRQHandler)
    HAL_TIM_MspPostInit                      0x0800147d   Thumb Code   156  tim.o(i.HAL_TIM_MspPostInit)
    HAL_TIM_OC_DelayElapsedCallback          0x0800152d   Thumb Code     2  stm32f1xx_hal_tim.o(i.HAL_TIM_OC_DelayElapsedCallback)
    HAL_TIM_PWM_ConfigChannel                0x0800152f   Thumb Code   198  stm32f1xx_hal_tim.o(i.HAL_TIM_PWM_ConfigChannel)
    HAL_TIM_PWM_Init                         0x080015f5   Thumb Code    90  stm32f1xx_hal_tim.o(i.HAL_TIM_PWM_Init)
    HAL_TIM_PWM_MspInit                      0x08001651   Thumb Code    52  tim.o(i.HAL_TIM_PWM_MspInit)
    HAL_TIM_PWM_PulseFinishedCallback        0x0800168d   Thumb Code     2  stm32f1xx_hal_tim.o(i.HAL_TIM_PWM_PulseFinishedCallback)
    HAL_TIM_PWM_Start                        0x08001691   Thumb Code   166  stm32f1xx_hal_tim.o(i.HAL_TIM_PWM_Start)
    HAL_TIM_PeriodElapsedCallback            0x0800174d   Thumb Code     2  stm32f1xx_hal_tim.o(i.HAL_TIM_PeriodElapsedCallback)
    HAL_TIM_TriggerCallback                  0x0800174f   Thumb Code     2  stm32f1xx_hal_tim.o(i.HAL_TIM_TriggerCallback)
    HAL_UARTEx_RxEventCallback               0x08001751   Thumb Code     2  stm32f1xx_hal_uart.o(i.HAL_UARTEx_RxEventCallback)
    HAL_UART_ErrorCallback                   0x08001753   Thumb Code     2  stm32f1xx_hal_uart.o(i.HAL_UART_ErrorCallback)
    HAL_UART_IRQHandler                      0x08001755   Thumb Code   520  stm32f1xx_hal_uart.o(i.HAL_UART_IRQHandler)
    HAL_UART_Init                            0x08001961   Thumb Code    98  stm32f1xx_hal_uart.o(i.HAL_UART_Init)
    HAL_UART_MspInit                         0x080019c5   Thumb Code   276  usart.o(i.HAL_UART_MspInit)
    HAL_UART_Receive_IT                      0x08001af5   Thumb Code    42  stm32f1xx_hal_uart.o(i.HAL_UART_Receive_IT)
    HAL_UART_RxCpltCallback                  0x08001b21   Thumb Code    46  main.o(i.HAL_UART_RxCpltCallback)
    HAL_UART_TxCpltCallback                  0x08001b5d   Thumb Code     2  stm32f1xx_hal_uart.o(i.HAL_UART_TxCpltCallback)
    HardFault_Handler                        0x08001b5f   Thumb Code     2  stm32f1xx_it.o(i.HardFault_Handler)
    MX_GPIO_Init                             0x08001b61   Thumb Code   168  gpio.o(i.MX_GPIO_Init)
    MX_I2C1_Init                             0x08001c15   Thumb Code    50  i2c.o(i.MX_I2C1_Init)
    MX_TIM1_Init                             0x08001c55   Thumb Code   100  tim.o(i.MX_TIM1_Init)
    MX_TIM2_Init                             0x08001cc1   Thumb Code   108  tim.o(i.MX_TIM2_Init)
    MX_TIM3_Init                             0x08001d31   Thumb Code   150  tim.o(i.MX_TIM3_Init)
    MX_TIM4_Init                             0x08001dd1   Thumb Code    98  tim.o(i.MX_TIM4_Init)
    MX_TIM5_Init                             0x08001e3d   Thumb Code    98  tim.o(i.MX_TIM5_Init)
    MX_TIM6_Init                             0x08001ea9   Thumb Code    60  tim.o(i.MX_TIM6_Init)
    MX_TIM8_Init                             0x08001eed   Thumb Code   100  tim.o(i.MX_TIM8_Init)
    MX_USART1_UART_Init                      0x08001f59   Thumb Code    48  usart.o(i.MX_USART1_UART_Init)
    MX_USART2_UART_Init                      0x08001f91   Thumb Code    48  usart.o(i.MX_USART2_UART_Init)
    MX_USART3_UART_Init                      0x08001fc9   Thumb Code    48  usart.o(i.MX_USART3_UART_Init)
    Machinery_all                            0x08002001   Thumb Code    54  machinery.o(i.Machinery_all)
    MemManage_Handler                        0x0800204d   Thumb Code     2  stm32f1xx_it.o(i.MemManage_Handler)
    NMI_Handler                              0x0800204f   Thumb Code     2  stm32f1xx_it.o(i.NMI_Handler)
    PendSV_Handler                           0x08002051   Thumb Code     2  stm32f1xx_it.o(i.PendSV_Handler)
    SVC_Handler                              0x08002053   Thumb Code     2  stm32f1xx_it.o(i.SVC_Handler)
    SetMotorVoltageAndDirection_SL           0x08002055   Thumb Code    64  encoder.o(i.SetMotorVoltageAndDirection_SL)
    SetMotorVoltageAndDirection_SR           0x0800209d   Thumb Code    64  encoder.o(i.SetMotorVoltageAndDirection_SR)
    SetMotorVoltageAndDirection_XL           0x080020e5   Thumb Code    64  encoder.o(i.SetMotorVoltageAndDirection_XL)
    SetMotorVoltageAndDirection_XR           0x0800212d   Thumb Code    76  encoder.o(i.SetMotorVoltageAndDirection_XR)
    SpeedInnerControl_SL                     0x08002181   Thumb Code    78  machinery.o(i.SpeedInnerControl_SL)
    SpeedInnerControl_SR                     0x080021d5   Thumb Code    98  machinery.o(i.SpeedInnerControl_SR)
    SpeedInnerControl_XL                     0x08002241   Thumb Code   108  machinery.o(i.SpeedInnerControl_XL)
    SpeedInnerControl_XR                     0x080022b5   Thumb Code    78  machinery.o(i.SpeedInnerControl_XR)
    SysTick_Handler                          0x08002309   Thumb Code     4  stm32f1xx_it.o(i.SysTick_Handler)
    SystemClock_Config                       0x0800230d   Thumb Code    92  main.o(i.SystemClock_Config)
    SystemInit                               0x08002369   Thumb Code     2  system_stm32f1xx.o(i.SystemInit)
    TIM6_IRQHandler                          0x0800236d   Thumb Code   144  stm32f1xx_it.o(i.TIM6_IRQHandler)
    TIM_Base_SetConfig                       0x08002411   Thumb Code   120  stm32f1xx_hal_tim.o(i.TIM_Base_SetConfig)
    TIM_CCxChannelCmd                        0x0800249d   Thumb Code    26  stm32f1xx_hal_tim.o(i.TIM_CCxChannelCmd)
    TIM_OC2_SetConfig                        0x08002519   Thumb Code    98  stm32f1xx_hal_tim.o(i.TIM_OC2_SetConfig)
    Tracing                                  0x0800263d   Thumb Code   314  tracing.o(i.Tracing)
    UART_Start_Receive_IT                    0x0800293d   Thumb Code    54  stm32f1xx_hal_uart.o(i.UART_Start_Receive_IT)
    USART1_IRQHandler                        0x08002975   Thumb Code     6  stm32f1xx_it.o(i.USART1_IRQHandler)
    UsageFault_Handler                       0x08002981   Thumb Code     2  stm32f1xx_it.o(i.UsageFault_Handler)
    main                                     0x080029a5   Thumb Code   240  main.o(i.main)
    nbplus                                   0x08002abd   Thumb Code    32  machinery.o(i.nbplus)
    __aeabi_fadd                             0x08002ae1   Thumb Code     0  faddsub_clz.o(x$fpl$fadd)
    _fadd                                    0x08002ae1   Thumb Code   196  faddsub_clz.o(x$fpl$fadd)
    __aeabi_f2iz                             0x08002ba5   Thumb Code     0  ffix.o(x$fpl$ffix)
    _ffix                                    0x08002ba5   Thumb Code    54  ffix.o(x$fpl$ffix)
    __aeabi_i2f                              0x08002bdd   Thumb Code     0  fflt_clz.o(x$fpl$fflt)
    _fflt                                    0x08002bdd   Thumb Code    48  fflt_clz.o(x$fpl$fflt)
    __aeabi_fmul                             0x08002c0d   Thumb Code     0  fmul.o(x$fpl$fmul)
    _fmul                                    0x08002c0d   Thumb Code   258  fmul.o(x$fpl$fmul)
    __fpl_fnaninf                            0x08002d0f   Thumb Code   140  fnaninf.o(x$fpl$fnaninf)
    __fpl_fretinf                            0x08002d9b   Thumb Code    10  fretinf.o(x$fpl$fretinf)
    __aeabi_fsub                             0x08002da5   Thumb Code     0  faddsub_clz.o(x$fpl$fsub)
    _fsub                                    0x08002da5   Thumb Code   234  faddsub_clz.o(x$fpl$fsub)
    AHBPrescTable                            0x08002e8e   Data          16  system_stm32f1xx.o(.constdata)
    __I$use$fp                               0x08002e8e   Number         0  usenofp.o(x$fpl$usenofp)
    APBPrescTable                            0x08002e9e   Data           8  system_stm32f1xx.o(.constdata)
    Region$$Table$$Base                      0x08002ea8   Number         0  anon$$obj.o(Region$$Table)
    Region$$Table$$Limit                     0x08002ec8   Number         0  anon$$obj.o(Region$$Table)
    iTim1Encoder                             0x20000000   Data           4  encoder.o(.data)
    iTim4Encoder                             0x20000004   Data           4  encoder.o(.data)
    iTim5Encoder                             0x20000008   Data           4  encoder.o(.data)
    iTim8Encoder                             0x2000000c   Data           4  encoder.o(.data)
    Tim1Encoder                              0x20000010   Data           4  encoder.o(.data)
    Tim4Encoder                              0x20000014   Data           4  encoder.o(.data)
    Tim5Encoder                              0x20000018   Data           4  encoder.o(.data)
    Tim8Encoder                              0x2000001c   Data           4  encoder.o(.data)
    g_nSpeedTarget_SL                        0x20000020   Data           4  machinery.o(.data)
    g_nSpeedTarget_SR                        0x20000024   Data           4  machinery.o(.data)
    g_nSpeedTarget_XL                        0x20000028   Data           4  machinery.o(.data)
    g_nSpeedTarget_XR                        0x2000002c   Data           4  machinery.o(.data)
    g_n_S_LeftMotorOutput                    0x20000030   Data           4  machinery.o(.data)
    g_n_S_RightMotorOutput                   0x20000034   Data           4  machinery.o(.data)
    g_n_X_LeftMotorOutput                    0x20000038   Data           4  machinery.o(.data)
    g_n_X_RightMotorOutput                   0x2000003c   Data           4  machinery.o(.data)
    fP_XL                                    0x20000040   Data           4  machinery.o(.data)
    fI_XL                                    0x20000044   Data           4  machinery.o(.data)
    fP_XR                                    0x20000048   Data           4  machinery.o(.data)
    fI_XR                                    0x2000004c   Data           4  machinery.o(.data)
    fP_SL                                    0x20000050   Data           4  machinery.o(.data)
    fI_SL                                    0x20000054   Data           4  machinery.o(.data)
    fP_SR                                    0x20000058   Data           4  machinery.o(.data)
    fI_SR                                    0x2000005c   Data           4  machinery.o(.data)
    nErrorPrev_SL                            0x20000060   Data           4  machinery.o(.data)
    nErrorPrev_SR                            0x20000064   Data           4  machinery.o(.data)
    nErrorPrev_XL                            0x20000068   Data           4  machinery.o(.data)
    nErrorPrev_XR                            0x2000006c   Data           4  machinery.o(.data)
    nPwmBais_XL                              0x20000070   Data           4  machinery.o(.data)
    nPwm_XL                                  0x20000074   Data           4  machinery.o(.data)
    nPwmBais_XR                              0x20000078   Data           4  machinery.o(.data)
    nPwm_XR                                  0x2000007c   Data           4  machinery.o(.data)
    nPwmBais_SL                              0x20000080   Data           4  machinery.o(.data)
    nPwm_SL                                  0x20000084   Data           4  machinery.o(.data)
    nPwmBais_SR                              0x20000088   Data           4  machinery.o(.data)
    nPwm_SR                                  0x2000008c   Data           4  machinery.o(.data)
    Rx_dat                                   0x20000090   Data           1  main.o(.data)
    a                                        0x20000094   Data           4  main.o(.data)
    number                                   0x20000098   Data           4  main.o(.data)
    count                                    0x2000009c   Data           4  stm32f1xx_it.o(.data)
    shabi                                    0x200000a0   Data           4  stm32f1xx_it.o(.data)
    m                                        0x200000a4   Data           4  stm32f1xx_it.o(.data)
    n                                        0x200000a8   Data           4  stm32f1xx_it.o(.data)
    uwTickFreq                               0x200000ac   Data           1  stm32f1xx_hal.o(.data)
    uwTickPrio                               0x200000b0   Data           4  stm32f1xx_hal.o(.data)
    uwTick                                   0x200000b4   Data           4  stm32f1xx_hal.o(.data)
    SystemCoreClock                          0x200000b8   Data           4  system_stm32f1xx.o(.data)
    aa                                       0x200000bc   Data          24  machinery.o(.bss)
    hi2c1                                    0x200000d4   Data          84  i2c.o(.bss)
    htim1                                    0x20000128   Data          72  tim.o(.bss)
    htim2                                    0x20000170   Data          72  tim.o(.bss)
    htim3                                    0x200001b8   Data          72  tim.o(.bss)
    htim4                                    0x20000200   Data          72  tim.o(.bss)
    htim5                                    0x20000248   Data          72  tim.o(.bss)
    htim6                                    0x20000290   Data          72  tim.o(.bss)
    htim8                                    0x200002d8   Data          72  tim.o(.bss)
    huart1                                   0x20000320   Data          68  usart.o(.bss)
    huart2                                   0x20000364   Data          68  usart.o(.bss)
    huart3                                   0x200003a8   Data          68  usart.o(.bss)
    __libspace_start                         0x200003ec   Data          96  libspace.o(.bss)
    __temporary_stack_top$libspace           0x2000044c   Data           0  libspace.o(.bss)



==============================================================================

Memory Map of the image

  Image Entry point : 0x08000131

  Load Region LR_IROM1 (Base: 0x08000000, Size: 0x00002f84, Max: 0x00080000, ABSOLUTE)

    Execution Region ER_IROM1 (Exec base: 0x08000000, Load base: 0x08000000, Size: 0x00002ec8, Max: 0x00080000, ABSOLUTE)

    Exec Addr    Load Addr    Size         Type   Attr      Idx    E Section Name        Object

    0x08000000   0x08000000   0x00000130   Data   RO            3    RESET               startup_stm32f103xe.o
    0x08000130   0x08000130   0x00000008   Code   RO         3517  * !!!main             c_w.l(__main.o)
    0x08000138   0x08000138   0x00000034   Code   RO         3697    !!!scatter          c_w.l(__scatter.o)
    0x0800016c   0x0800016c   0x0000001a   Code   RO         3699    !!handler_copy      c_w.l(__scatter_copy.o)
    0x08000186   0x08000186   0x00000002   PAD
    0x08000188   0x08000188   0x0000001c   Code   RO         3701    !!handler_zi        c_w.l(__scatter_zi.o)
    0x080001a4   0x080001a4   0x00000002   Code   RO         3567    .ARM.Collect$$libinit$$00000000  c_w.l(libinit.o)
    0x080001a6   0x080001a6   0x00000000   Code   RO         3574    .ARM.Collect$$libinit$$00000002  c_w.l(libinit2.o)
    0x080001a6   0x080001a6   0x00000000   Code   RO         3576    .ARM.Collect$$libinit$$00000004  c_w.l(libinit2.o)
    0x080001a6   0x080001a6   0x00000000   Code   RO         3579    .ARM.Collect$$libinit$$0000000A  c_w.l(libinit2.o)
    0x080001a6   0x080001a6   0x00000000   Code   RO         3581    .ARM.Collect$$libinit$$0000000C  c_w.l(libinit2.o)
    0x080001a6   0x080001a6   0x00000000   Code   RO         3583    .ARM.Collect$$libinit$$0000000E  c_w.l(libinit2.o)
    0x080001a6   0x080001a6   0x00000000   Code   RO         3586    .ARM.Collect$$libinit$$00000011  c_w.l(libinit2.o)
    0x080001a6   0x080001a6   0x00000000   Code   RO         3588    .ARM.Collect$$libinit$$00000013  c_w.l(libinit2.o)
    0x080001a6   0x080001a6   0x00000000   Code   RO         3590    .ARM.Collect$$libinit$$00000015  c_w.l(libinit2.o)
    0x080001a6   0x080001a6   0x00000000   Code   RO         3592    .ARM.Collect$$libinit$$00000017  c_w.l(libinit2.o)
    0x080001a6   0x080001a6   0x00000000   Code   RO         3594    .ARM.Collect$$libinit$$00000019  c_w.l(libinit2.o)
    0x080001a6   0x080001a6   0x00000000   Code   RO         3596    .ARM.Collect$$libinit$$0000001B  c_w.l(libinit2.o)
    0x080001a6   0x080001a6   0x00000000   Code   RO         3598    .ARM.Collect$$libinit$$0000001D  c_w.l(libinit2.o)
    0x080001a6   0x080001a6   0x00000000   Code   RO         3600    .ARM.Collect$$libinit$$0000001F  c_w.l(libinit2.o)
    0x080001a6   0x080001a6   0x00000000   Code   RO         3602    .ARM.Collect$$libinit$$00000021  c_w.l(libinit2.o)
    0x080001a6   0x080001a6   0x00000000   Code   RO         3604    .ARM.Collect$$libinit$$00000023  c_w.l(libinit2.o)
    0x080001a6   0x080001a6   0x00000000   Code   RO         3606    .ARM.Collect$$libinit$$00000025  c_w.l(libinit2.o)
    0x080001a6   0x080001a6   0x00000000   Code   RO         3610    .ARM.Collect$$libinit$$0000002C  c_w.l(libinit2.o)
    0x080001a6   0x080001a6   0x00000000   Code   RO         3612    .ARM.Collect$$libinit$$0000002E  c_w.l(libinit2.o)
    0x080001a6   0x080001a6   0x00000000   Code   RO         3614    .ARM.Collect$$libinit$$00000030  c_w.l(libinit2.o)
    0x080001a6   0x080001a6   0x00000000   Code   RO         3616    .ARM.Collect$$libinit$$00000032  c_w.l(libinit2.o)
    0x080001a6   0x080001a6   0x00000002   Code   RO         3617    .ARM.Collect$$libinit$$00000033  c_w.l(libinit2.o)
    0x080001a8   0x080001a8   0x00000002   Code   RO         3637    .ARM.Collect$$libshutdown$$00000000  c_w.l(libshutdown.o)
    0x080001aa   0x080001aa   0x00000000   Code   RO         3650    .ARM.Collect$$libshutdown$$00000002  c_w.l(libshutdown2.o)
    0x080001aa   0x080001aa   0x00000000   Code   RO         3652    .ARM.Collect$$libshutdown$$00000004  c_w.l(libshutdown2.o)
    0x080001aa   0x080001aa   0x00000000   Code   RO         3655    .ARM.Collect$$libshutdown$$00000007  c_w.l(libshutdown2.o)
    0x080001aa   0x080001aa   0x00000000   Code   RO         3658    .ARM.Collect$$libshutdown$$0000000A  c_w.l(libshutdown2.o)
    0x080001aa   0x080001aa   0x00000000   Code   RO         3660    .ARM.Collect$$libshutdown$$0000000C  c_w.l(libshutdown2.o)
    0x080001aa   0x080001aa   0x00000000   Code   RO         3663    .ARM.Collect$$libshutdown$$0000000F  c_w.l(libshutdown2.o)
    0x080001aa   0x080001aa   0x00000002   Code   RO         3664    .ARM.Collect$$libshutdown$$00000010  c_w.l(libshutdown2.o)
    0x080001ac   0x080001ac   0x00000000   Code   RO         3537    .ARM.Collect$$rtentry$$00000000  c_w.l(__rtentry.o)
    0x080001ac   0x080001ac   0x00000000   Code   RO         3544    .ARM.Collect$$rtentry$$00000002  c_w.l(__rtentry2.o)
    0x080001ac   0x080001ac   0x00000006   Code   RO         3556    .ARM.Collect$$rtentry$$00000004  c_w.l(__rtentry4.o)
    0x080001b2   0x080001b2   0x00000000   Code   RO         3546    .ARM.Collect$$rtentry$$00000009  c_w.l(__rtentry2.o)
    0x080001b2   0x080001b2   0x00000004   Code   RO         3547    .ARM.Collect$$rtentry$$0000000A  c_w.l(__rtentry2.o)
    0x080001b6   0x080001b6   0x00000000   Code   RO         3549    .ARM.Collect$$rtentry$$0000000C  c_w.l(__rtentry2.o)
    0x080001b6   0x080001b6   0x00000008   Code   RO         3550    .ARM.Collect$$rtentry$$0000000D  c_w.l(__rtentry2.o)
    0x080001be   0x080001be   0x00000002   Code   RO         3571    .ARM.Collect$$rtexit$$00000000  c_w.l(rtexit.o)
    0x080001c0   0x080001c0   0x00000000   Code   RO         3619    .ARM.Collect$$rtexit$$00000002  c_w.l(rtexit2.o)
    0x080001c0   0x080001c0   0x00000004   Code   RO         3620    .ARM.Collect$$rtexit$$00000003  c_w.l(rtexit2.o)
    0x080001c4   0x080001c4   0x00000006   Code   RO         3621    .ARM.Collect$$rtexit$$00000004  c_w.l(rtexit2.o)
    0x080001ca   0x080001ca   0x00000002   PAD
    0x080001cc   0x080001cc   0x00000040   Code   RO            4    .text               startup_stm32f103xe.o
    0x0800020c   0x0800020c   0x0000004e   Code   RO         3513    .text               c_w.l(rt_memclr_w.o)
    0x0800025a   0x0800025a   0x00000006   Code   RO         3515    .text               c_w.l(heapauxi.o)
    0x08000260   0x08000260   0x0000004a   Code   RO         3558    .text               c_w.l(sys_stackheap_outer.o)
    0x080002aa   0x080002aa   0x00000012   Code   RO         3560    .text               c_w.l(exit.o)
    0x080002bc   0x080002bc   0x00000008   Code   RO         3568    .text               c_w.l(libspace.o)
    0x080002c4   0x080002c4   0x0000000c   Code   RO         3629    .text               c_w.l(sys_exit.o)
    0x080002d0   0x080002d0   0x00000002   Code   RO         3640    .text               c_w.l(use_no_semi.o)
    0x080002d2   0x080002d2   0x00000000   Code   RO         3642    .text               c_w.l(indicate_semi.o)
    0x080002d2   0x080002d2   0x00000002   PAD
    0x080002d4   0x080002d4   0x00000024   Code   RO           13    i.ALL_Encoder       encoder.o
    0x080002f8   0x080002f8   0x00000002   Code   RO          582    i.BusFault_Handler  stm32f1xx_it.o
    0x080002fa   0x080002fa   0x00000002   Code   RO          583    i.DebugMon_Handler  stm32f1xx_it.o
    0x080002fc   0x080002fc   0x00000004   Code   RO          293    i.Error_Handler     main.o
    0x08000300   0x08000300   0x0000001c   Code   RO           14    i.GetTim1Encoder    encoder.o
    0x0800031c   0x0800031c   0x0000001c   Code   RO           15    i.GetTim4Encoder    encoder.o
    0x08000338   0x08000338   0x0000001c   Code   RO           16    i.GetTim5Encoder    encoder.o
    0x08000354   0x08000354   0x0000001c   Code   RO           17    i.GetTim8Encoder    encoder.o
    0x08000370   0x08000370   0x00000046   Code   RO         1548    i.HAL_DMA_Abort     stm32f1xx_hal_dma.o
    0x080003b6   0x080003b6   0x00000002   PAD
    0x080003b8   0x080003b8   0x00000130   Code   RO         1549    i.HAL_DMA_Abort_IT  stm32f1xx_hal_dma.o
    0x080004e8   0x080004e8   0x000001f0   Code   RO         1484    i.HAL_GPIO_Init     stm32f1xx_hal_gpio.o
    0x080006d8   0x080006d8   0x0000000a   Code   RO         1486    i.HAL_GPIO_ReadPin  stm32f1xx_hal_gpio.o
    0x080006e2   0x080006e2   0x0000000a   Code   RO         1488    i.HAL_GPIO_WritePin  stm32f1xx_hal_gpio.o
    0x080006ec   0x080006ec   0x0000000c   Code   RO         1180    i.HAL_GetTick       stm32f1xx_hal.o
    0x080006f8   0x080006f8   0x00000188   Code   RO          748    i.HAL_I2C_Init      stm32f1xx_hal_i2c.o
    0x08000880   0x08000880   0x0000005c   Code   RO          378    i.HAL_I2C_MspInit   i2c.o
    0x080008dc   0x080008dc   0x00000010   Code   RO         1186    i.HAL_IncTick       stm32f1xx_hal.o
    0x080008ec   0x080008ec   0x00000024   Code   RO         1187    i.HAL_Init          stm32f1xx_hal.o
    0x08000910   0x08000910   0x00000040   Code   RO         1188    i.HAL_InitTick      stm32f1xx_hal.o
    0x08000950   0x08000950   0x0000003c   Code   RO          677    i.HAL_MspInit       stm32f1xx_hal_msp.o
    0x0800098c   0x0800098c   0x0000001a   Code   RO         1644    i.HAL_NVIC_EnableIRQ  stm32f1xx_hal_cortex.o
    0x080009a6   0x080009a6   0x00000002   PAD
    0x080009a8   0x080009a8   0x00000040   Code   RO         1650    i.HAL_NVIC_SetPriority  stm32f1xx_hal_cortex.o
    0x080009e8   0x080009e8   0x00000024   Code   RO         1651    i.HAL_NVIC_SetPriorityGrouping  stm32f1xx_hal_cortex.o
    0x08000a0c   0x08000a0c   0x00000138   Code   RO         1344    i.HAL_RCC_ClockConfig  stm32f1xx_hal_rcc.o
    0x08000b44   0x08000b44   0x00000020   Code   RO         1351    i.HAL_RCC_GetPCLK1Freq  stm32f1xx_hal_rcc.o
    0x08000b64   0x08000b64   0x00000020   Code   RO         1352    i.HAL_RCC_GetPCLK2Freq  stm32f1xx_hal_rcc.o
    0x08000b84   0x08000b84   0x0000006c   Code   RO         1353    i.HAL_RCC_GetSysClockFreq  stm32f1xx_hal_rcc.o
    0x08000bf0   0x08000bf0   0x00000318   Code   RO         1356    i.HAL_RCC_OscConfig  stm32f1xx_hal_rcc.o
    0x08000f08   0x08000f08   0x00000028   Code   RO         1655    i.HAL_SYSTICK_Config  stm32f1xx_hal_cortex.o
    0x08000f30   0x08000f30   0x00000002   Code   RO         2850    i.HAL_TIMEx_BreakCallback  stm32f1xx_hal_tim_ex.o
    0x08000f32   0x08000f32   0x00000002   Code   RO         2851    i.HAL_TIMEx_CommutCallback  stm32f1xx_hal_tim_ex.o
    0x08000f34   0x08000f34   0x0000007c   Code   RO         2869    i.HAL_TIMEx_MasterConfigSynchronization  stm32f1xx_hal_tim_ex.o
    0x08000fb0   0x08000fb0   0x0000005a   Code   RO         2146    i.HAL_TIM_Base_Init  stm32f1xx_hal_tim.o
    0x0800100a   0x0800100a   0x00000002   PAD
    0x0800100c   0x0800100c   0x0000003c   Code   RO          420    i.HAL_TIM_Base_MspInit  tim.o
    0x08001048   0x08001048   0x0000006c   Code   RO         2151    i.HAL_TIM_Base_Start_IT  stm32f1xx_hal_tim.o
    0x080010b4   0x080010b4   0x000000a4   Code   RO         2167    i.HAL_TIM_Encoder_Init  stm32f1xx_hal_tim.o
    0x08001158   0x08001158   0x00000128   Code   RO          422    i.HAL_TIM_Encoder_MspInit  tim.o
    0x08001280   0x08001280   0x00000092   Code   RO         2170    i.HAL_TIM_Encoder_Start  stm32f1xx_hal_tim.o
    0x08001312   0x08001312   0x00000002   Code   RO         2180    i.HAL_TIM_IC_CaptureCallback  stm32f1xx_hal_tim.o
    0x08001314   0x08001314   0x00000166   Code   RO         2194    i.HAL_TIM_IRQHandler  stm32f1xx_hal_tim.o
    0x0800147a   0x0800147a   0x00000002   PAD
    0x0800147c   0x0800147c   0x000000b0   Code   RO          423    i.HAL_TIM_MspPostInit  tim.o
    0x0800152c   0x0800152c   0x00000002   Code   RO         2197    i.HAL_TIM_OC_DelayElapsedCallback  stm32f1xx_hal_tim.o
    0x0800152e   0x0800152e   0x000000c6   Code   RO         2218    i.HAL_TIM_PWM_ConfigChannel  stm32f1xx_hal_tim.o
    0x080015f4   0x080015f4   0x0000005a   Code   RO         2221    i.HAL_TIM_PWM_Init  stm32f1xx_hal_tim.o
    0x0800164e   0x0800164e   0x00000002   PAD
    0x08001650   0x08001650   0x0000003c   Code   RO          425    i.HAL_TIM_PWM_MspInit  tim.o
    0x0800168c   0x0800168c   0x00000002   Code   RO         2224    i.HAL_TIM_PWM_PulseFinishedCallback  stm32f1xx_hal_tim.o
    0x0800168e   0x0800168e   0x00000002   PAD
    0x08001690   0x08001690   0x000000bc   Code   RO         2226    i.HAL_TIM_PWM_Start  stm32f1xx_hal_tim.o
    0x0800174c   0x0800174c   0x00000002   Code   RO         2232    i.HAL_TIM_PeriodElapsedCallback  stm32f1xx_hal_tim.o
    0x0800174e   0x0800174e   0x00000002   Code   RO         2237    i.HAL_TIM_TriggerCallback  stm32f1xx_hal_tim.o
    0x08001750   0x08001750   0x00000002   Code   RO         3128    i.HAL_UARTEx_RxEventCallback  stm32f1xx_hal_uart.o
    0x08001752   0x08001752   0x00000002   Code   RO         3142    i.HAL_UART_ErrorCallback  stm32f1xx_hal_uart.o
    0x08001754   0x08001754   0x0000020c   Code   RO         3145    i.HAL_UART_IRQHandler  stm32f1xx_hal_uart.o
    0x08001960   0x08001960   0x00000062   Code   RO         3146    i.HAL_UART_Init     stm32f1xx_hal_uart.o
    0x080019c2   0x080019c2   0x00000002   PAD
    0x080019c4   0x080019c4   0x00000130   Code   RO          529    i.HAL_UART_MspInit  usart.o
    0x08001af4   0x08001af4   0x0000002a   Code   RO         3151    i.HAL_UART_Receive_IT  stm32f1xx_hal_uart.o
    0x08001b1e   0x08001b1e   0x00000002   PAD
    0x08001b20   0x08001b20   0x0000003c   Code   RO          294    i.HAL_UART_RxCpltCallback  main.o
    0x08001b5c   0x08001b5c   0x00000002   Code   RO         3157    i.HAL_UART_TxCpltCallback  stm32f1xx_hal_uart.o
    0x08001b5e   0x08001b5e   0x00000002   Code   RO          584    i.HardFault_Handler  stm32f1xx_it.o
    0x08001b60   0x08001b60   0x000000b4   Code   RO          353    i.MX_GPIO_Init      gpio.o
    0x08001c14   0x08001c14   0x00000040   Code   RO          379    i.MX_I2C1_Init      i2c.o
    0x08001c54   0x08001c54   0x0000006c   Code   RO          426    i.MX_TIM1_Init      tim.o
    0x08001cc0   0x08001cc0   0x00000070   Code   RO          427    i.MX_TIM2_Init      tim.o
    0x08001d30   0x08001d30   0x000000a0   Code   RO          428    i.MX_TIM3_Init      tim.o
    0x08001dd0   0x08001dd0   0x0000006c   Code   RO          429    i.MX_TIM4_Init      tim.o
    0x08001e3c   0x08001e3c   0x0000006c   Code   RO          430    i.MX_TIM5_Init      tim.o
    0x08001ea8   0x08001ea8   0x00000044   Code   RO          431    i.MX_TIM6_Init      tim.o
    0x08001eec   0x08001eec   0x0000006c   Code   RO          432    i.MX_TIM8_Init      tim.o
    0x08001f58   0x08001f58   0x00000038   Code   RO          530    i.MX_USART1_UART_Init  usart.o
    0x08001f90   0x08001f90   0x00000038   Code   RO          531    i.MX_USART2_UART_Init  usart.o
    0x08001fc8   0x08001fc8   0x00000038   Code   RO          532    i.MX_USART3_UART_Init  usart.o
    0x08002000   0x08002000   0x0000004c   Code   RO          188    i.Machinery_all     machinery.o
    0x0800204c   0x0800204c   0x00000002   Code   RO          585    i.MemManage_Handler  stm32f1xx_it.o
    0x0800204e   0x0800204e   0x00000002   Code   RO          586    i.NMI_Handler       stm32f1xx_it.o
    0x08002050   0x08002050   0x00000002   Code   RO          587    i.PendSV_Handler    stm32f1xx_it.o
    0x08002052   0x08002052   0x00000002   Code   RO          588    i.SVC_Handler       stm32f1xx_it.o
    0x08002054   0x08002054   0x00000048   Code   RO           18    i.SetMotorVoltageAndDirection_SL  encoder.o
    0x0800209c   0x0800209c   0x00000048   Code   RO           19    i.SetMotorVoltageAndDirection_SR  encoder.o
    0x080020e4   0x080020e4   0x00000048   Code   RO           20    i.SetMotorVoltageAndDirection_XL  encoder.o
    0x0800212c   0x0800212c   0x00000054   Code   RO           21    i.SetMotorVoltageAndDirection_XR  encoder.o
    0x08002180   0x08002180   0x00000054   Code   RO          189    i.SpeedInnerControl_SL  machinery.o
    0x080021d4   0x080021d4   0x0000006c   Code   RO          190    i.SpeedInnerControl_SR  machinery.o
    0x08002240   0x08002240   0x00000074   Code   RO          191    i.SpeedInnerControl_XL  machinery.o
    0x080022b4   0x080022b4   0x00000054   Code   RO          192    i.SpeedInnerControl_XR  machinery.o
    0x08002308   0x08002308   0x00000004   Code   RO          589    i.SysTick_Handler   stm32f1xx_it.o
    0x0800230c   0x0800230c   0x0000005c   Code   RO          295    i.SystemClock_Config  main.o
    0x08002368   0x08002368   0x00000002   Code   RO         3475    i.SystemInit        system_stm32f1xx.o
    0x0800236a   0x0800236a   0x00000002   PAD
    0x0800236c   0x0800236c   0x000000a4   Code   RO          590    i.TIM6_IRQHandler   stm32f1xx_it.o
    0x08002410   0x08002410   0x0000008c   Code   RO         2239    i.TIM_Base_SetConfig  stm32f1xx_hal_tim.o
    0x0800249c   0x0800249c   0x0000001a   Code   RO         2240    i.TIM_CCxChannelCmd  stm32f1xx_hal_tim.o
    0x080024b6   0x080024b6   0x00000002   PAD
    0x080024b8   0x080024b8   0x00000060   Code   RO         2252    i.TIM_OC1_SetConfig  stm32f1xx_hal_tim.o
    0x08002518   0x08002518   0x0000006c   Code   RO         2253    i.TIM_OC2_SetConfig  stm32f1xx_hal_tim.o
    0x08002584   0x08002584   0x00000068   Code   RO         2254    i.TIM_OC3_SetConfig  stm32f1xx_hal_tim.o
    0x080025ec   0x080025ec   0x00000050   Code   RO         2255    i.TIM_OC4_SetConfig  stm32f1xx_hal_tim.o
    0x0800263c   0x0800263c   0x00000150   Code   RO          258    i.Tracing           tracing.o
    0x0800278c   0x0800278c   0x00000010   Code   RO         3159    i.UART_DMAAbortOnError  stm32f1xx_hal_uart.o
    0x0800279c   0x0800279c   0x00000030   Code   RO         3169    i.UART_EndRxTransfer  stm32f1xx_hal_uart.o
    0x080027cc   0x080027cc   0x000000b6   Code   RO         3171    i.UART_Receive_IT   stm32f1xx_hal_uart.o
    0x08002882   0x08002882   0x00000002   PAD
    0x08002884   0x08002884   0x000000b8   Code   RO         3172    i.UART_SetConfig    stm32f1xx_hal_uart.o
    0x0800293c   0x0800293c   0x00000036   Code   RO         3174    i.UART_Start_Receive_IT  stm32f1xx_hal_uart.o
    0x08002972   0x08002972   0x00000002   PAD
    0x08002974   0x08002974   0x0000000c   Code   RO          591    i.USART1_IRQHandler  stm32f1xx_it.o
    0x08002980   0x08002980   0x00000002   Code   RO          592    i.UsageFault_Handler  stm32f1xx_it.o
    0x08002982   0x08002982   0x00000020   Code   RO         1657    i.__NVIC_SetPriority  stm32f1xx_hal_cortex.o
    0x080029a2   0x080029a2   0x00000002   PAD
    0x080029a4   0x080029a4   0x00000118   Code   RO          296    i.main              main.o
    0x08002abc   0x08002abc   0x00000024   Code   RO          193    i.nbplus            machinery.o
    0x08002ae0   0x08002ae0   0x000000c4   Code   RO         3519    x$fpl$fadd          fz_ws.l(faddsub_clz.o)
    0x08002ba4   0x08002ba4   0x00000036   Code   RO         3525    x$fpl$ffix          fz_ws.l(ffix.o)
    0x08002bda   0x08002bda   0x00000002   PAD
    0x08002bdc   0x08002bdc   0x00000030   Code   RO         3530    x$fpl$fflt          fz_ws.l(fflt_clz.o)
    0x08002c0c   0x08002c0c   0x00000102   Code   RO         3535    x$fpl$fmul          fz_ws.l(fmul.o)
    0x08002d0e   0x08002d0e   0x0000008c   Code   RO         3538    x$fpl$fnaninf       fz_ws.l(fnaninf.o)
    0x08002d9a   0x08002d9a   0x0000000a   Code   RO         3540    x$fpl$fretinf       fz_ws.l(fretinf.o)
    0x08002da4   0x08002da4   0x000000ea   Code   RO         3521    x$fpl$fsub          fz_ws.l(faddsub_clz.o)
    0x08002e8e   0x08002e8e   0x00000000   Code   RO         3542    x$fpl$usenofp       fz_ws.l(usenofp.o)
    0x08002e8e   0x08002e8e   0x00000010   Data   RO         3476    .constdata          system_stm32f1xx.o
    0x08002e9e   0x08002e9e   0x00000008   Data   RO         3477    .constdata          system_stm32f1xx.o
    0x08002ea6   0x08002ea6   0x00000002   PAD
    0x08002ea8   0x08002ea8   0x00000020   Data   RO         3695    Region$$Table       anon$$obj.o


    Execution Region RW_IRAM1 (Exec base: 0x20000000, Load base: 0x08002ec8, Size: 0x00000a50, Max: 0x00010000, ABSOLUTE)

    Exec Addr    Load Addr    Size         Type   Attr      Idx    E Section Name        Object

    0x20000000   0x08002ec8   0x00000020   Data   RW           26    .data               encoder.o
    0x20000020   0x08002ee8   0x00000070   Data   RW          195    .data               machinery.o
    0x20000090   0x08002f58   0x0000000c   Data   RW          297    .data               main.o
    0x2000009c   0x08002f64   0x00000010   Data   RW          593    .data               stm32f1xx_it.o
    0x200000ac   0x08002f74   0x0000000c   Data   RW         1194    .data               stm32f1xx_hal.o
    0x200000b8   0x08002f80   0x00000004   Data   RW         3478    .data               system_stm32f1xx.o
    0x200000bc        -       0x00000018   Zero   RW          194    .bss                machinery.o
    0x200000d4        -       0x00000054   Zero   RW          380    .bss                i2c.o
    0x20000128        -       0x000001f8   Zero   RW          433    .bss                tim.o
    0x20000320        -       0x000000cc   Zero   RW          533    .bss                usart.o
    0x200003ec        -       0x00000060   Zero   RW         3569    .bss                c_w.l(libspace.o)
    0x2000044c   0x08002f84   0x00000004   PAD
    0x20000450        -       0x00000200   Zero   RW            2    HEAP                startup_stm32f103xe.o
    0x20000650        -       0x00000400   Zero   RW            1    STACK               startup_stm32f103xe.o


==============================================================================

Image component sizes


      Code (inc. data)   RO Data    RW Data    ZI Data      Debug   Object Name

       448         74          0         32          0     498132   encoder.o
       180         12          0          0          0        899   gpio.o
       156         26          0          0         84       1441   i2c.o
       504         56          0        112         24       5000   machinery.o
       436         54          0         12          0       2692   main.o
        64         26        304          0       1536        772   startup_stm32f103xe.o
       128         24          0         12          0       5633   stm32f1xx_hal.o
       198         14          0          0          0      28679   stm32f1xx_hal_cortex.o
       374          8          0          0          0       1719   stm32f1xx_hal_dma.o
       516         42          0          0          0       3331   stm32f1xx_hal_gpio.o
       392         16          0          0          0       3023   stm32f1xx_hal_i2c.o
        60          8          0          0          0        774   stm32f1xx_hal_msp.o
      1276        100          0          0          0       5116   stm32f1xx_hal_rcc.o
      1906         98          0          0          0      14651   stm32f1xx_hal_tim.o
       128         20          0          0          0       2301   stm32f1xx_hal_tim_ex.o
      1154         10          0          0          0       8100   stm32f1xx_hal_uart.o
       196         26          0         16          0       4650   stm32f1xx_it.o
         2          0         24          4          0        979   system_stm32f1xx.o
      1364        136          0          0        504       7184   tim.o
       336         22          0          0          0        626   tracing.o
       472         52          0          0        204       2764   usart.o

    ----------------------------------------------------------------------
     10316        824        362        188       2352     598466   Object Totals
         0          0         32          0          0          0   (incl. Generated)
        26          0          2          0          0          0   (incl. Padding)

    ----------------------------------------------------------------------

      Code (inc. data)   RO Data    RW Data    ZI Data      Debug   Library Member Name

         8          0          0          0          0         68   __main.o
         0          0          0          0          0          0   __rtentry.o
        12          0          0          0          0          0   __rtentry2.o
         6          0          0          0          0          0   __rtentry4.o
        52          8          0          0          0          0   __scatter.o
        26          0          0          0          0          0   __scatter_copy.o
        28          0          0          0          0          0   __scatter_zi.o
        18          0          0          0          0         80   exit.o
         6          0          0          0          0        152   heapauxi.o
         0          0          0          0          0          0   indicate_semi.o
         2          0          0          0          0          0   libinit.o
         2          0          0          0          0          0   libinit2.o
         2          0          0          0          0          0   libshutdown.o
         2          0          0          0          0          0   libshutdown2.o
         8          4          0          0         96         68   libspace.o
        78          0          0          0          0         80   rt_memclr_w.o
         2          0          0          0          0          0   rtexit.o
        10          0          0          0          0          0   rtexit2.o
        12          4          0          0          0         68   sys_exit.o
        74          0          0          0          0         80   sys_stackheap_outer.o
         2          0          0          0          0         68   use_no_semi.o
       430          8          0          0          0        168   faddsub_clz.o
        54          4          0          0          0         84   ffix.o
        48          0          0          0          0         68   fflt_clz.o
       258          4          0          0          0         84   fmul.o
       140          4          0          0          0         84   fnaninf.o
        10          0          0          0          0         68   fretinf.o
         0          0          0          0          0          0   usenofp.o

    ----------------------------------------------------------------------
      1298         36          0          0        100       1220   Library Totals
         8          0          0          0          4          0   (incl. Padding)

    ----------------------------------------------------------------------

      Code (inc. data)   RO Data    RW Data    ZI Data      Debug   Library Name

       350         16          0          0         96        664   c_w.l
       940         20          0          0          0        556   fz_ws.l

    ----------------------------------------------------------------------
      1298         36          0          0        100       1220   Library Totals

    ----------------------------------------------------------------------

==============================================================================


      Code (inc. data)   RO Data    RW Data    ZI Data      Debug   

     11614        860        362        188       2452     593962   Grand Totals
     11614        860        362        188       2452     593962   ELF Image Totals
     11614        860        362        188          0          0   ROM Totals

==============================================================================

    Total RO  Size (Code + RO Data)                11976 (  11.70kB)
    Total RW  Size (RW Data + ZI Data)              2640 (   2.58kB)
    Total ROM Size (Code + RO Data + RW Data)      12164 (  11.88kB)

==============================================================================

